[0.810s] Invoking command in '/home/maxim/super_ws/build/flight_control_node': AMENT_PREFIX_PATH=/home/maxim/super_ws/install/px4_msgs:${AMENT_PREFIX_PATH} CMAKE_PREFIX_PATH=/home/maxim/super_ws/install/px4_msgs:${CMAKE_PREFIX_PATH} DEBUGINFOD_URLS=https://debuginfod.ubuntu.com LD_LIBRARY_PATH=/home/maxim/super_ws/install/px4_msgs/lib:${LD_LIBRARY_PATH} PS1=\[\e]0;\u@\h: \w\a\]${debian_chroot:+($debian_chroot)}\[\033[01;35m\]\u@\h\[\033[00m\]:\[\033[01;34m\]\w\[\033[00m\]\$ PYTHONPATH=/home/maxim/super_ws/build/flight_control_node/prefix_override:/usr/lib/python3/dist-packages/colcon_core/task/python/colcon_distutils_commands:/home/maxim/super_ws/install/flight_control_node/lib/python3.12/site-packages:/home/maxim/super_ws/install/px4_msgs/lib/python3.12/site-packages:${PYTHONPATH} /usr/bin/python3 -W ignore:setup.py install is deprecated -W ignore:easy_install command is deprecated setup.py develop --uninstall --editable --build-directory /home/maxim/super_ws/build/flight_control_node/build
[1.069s] running develop
[1.260s] Removing /home/maxim/super_ws/install/flight_control_node/lib/python3.12/site-packages/flight-control-node.egg-link (link to .)
[1.280s] Invoked command in '/home/maxim/super_ws/build/flight_control_node' returned '0': AMENT_PREFIX_PATH=/home/maxim/super_ws/install/px4_msgs:${AMENT_PREFIX_PATH} CMAKE_PREFIX_PATH=/home/maxim/super_ws/install/px4_msgs:${CMAKE_PREFIX_PATH} DEBUGINFOD_URLS=https://debuginfod.ubuntu.com LD_LIBRARY_PATH=/home/maxim/super_ws/install/px4_msgs/lib:${LD_LIBRARY_PATH} PS1=\[\e]0;\u@\h: \w\a\]${debian_chroot:+($debian_chroot)}\[\033[01;35m\]\u@\h\[\033[00m\]:\[\033[01;34m\]\w\[\033[00m\]\$ PYTHONPATH=/home/maxim/super_ws/build/flight_control_node/prefix_override:/usr/lib/python3/dist-packages/colcon_core/task/python/colcon_distutils_commands:/home/maxim/super_ws/install/flight_control_node/lib/python3.12/site-packages:/home/maxim/super_ws/install/px4_msgs/lib/python3.12/site-packages:${PYTHONPATH} /usr/bin/python3 -W ignore:setup.py install is deprecated -W ignore:easy_install command is deprecated setup.py develop --uninstall --editable --build-directory /home/maxim/super_ws/build/flight_control_node/build
[1.281s] Invoking command in '/home/maxim/super_ws/src/flight_control_node': AMENT_PREFIX_PATH=/home/maxim/super_ws/install/px4_msgs:${AMENT_PREFIX_PATH} CMAKE_PREFIX_PATH=/home/maxim/super_ws/install/px4_msgs:${CMAKE_PREFIX_PATH} DEBUGINFOD_URLS=https://debuginfod.ubuntu.com LD_LIBRARY_PATH=/home/maxim/super_ws/install/px4_msgs/lib:${LD_LIBRARY_PATH} PS1=\[\e]0;\u@\h: \w\a\]${debian_chroot:+($debian_chroot)}\[\033[01;35m\]\u@\h\[\033[00m\]:\[\033[01;34m\]\w\[\033[00m\]\$ PYTHONPATH=/home/maxim/super_ws/build/flight_control_node/prefix_override:/usr/lib/python3/dist-packages/colcon_core/task/python/colcon_distutils_commands:/home/maxim/super_ws/install/flight_control_node/lib/python3.12/site-packages:/home/maxim/super_ws/install/px4_msgs/lib/python3.12/site-packages:${PYTHONPATH} /usr/bin/python3 -W ignore:setup.py install is deprecated -W ignore:easy_install command is deprecated setup.py egg_info --egg-base ../../build/flight_control_node build --build-base /home/maxim/super_ws/build/flight_control_node/build install --record /home/maxim/super_ws/build/flight_control_node/install.log --single-version-externally-managed install_data --force
[1.542s] running egg_info
[1.562s] writing ../../build/flight_control_node/flight_control_node.egg-info/PKG-INFO
[1.563s] writing dependency_links to ../../build/flight_control_node/flight_control_node.egg-info/dependency_links.txt
[1.563s] writing entry points to ../../build/flight_control_node/flight_control_node.egg-info/entry_points.txt
[1.563s] writing requirements to ../../build/flight_control_node/flight_control_node.egg-info/requires.txt
[1.563s] writing top-level names to ../../build/flight_control_node/flight_control_node.egg-info/top_level.txt
[1.606s] reading manifest file '../../build/flight_control_node/flight_control_node.egg-info/SOURCES.txt'
[1.607s] adding license file 'LICENSE'
[1.608s] writing manifest file '../../build/flight_control_node/flight_control_node.egg-info/SOURCES.txt'
[1.608s] running build
[1.608s] running build_py
[1.608s] creating /home/maxim/super_ws/build/flight_control_node/build/lib/flight_control_node
[1.608s] copying flight_control_node/flight_node.py -> /home/maxim/super_ws/build/flight_control_node/build/lib/flight_control_node
[1.609s] copying flight_control_node/__init__.py -> /home/maxim/super_ws/build/flight_control_node/build/lib/flight_control_node
[1.609s] running install
[1.613s] running install_lib
[1.634s] creating /home/maxim/super_ws/install/flight_control_node/lib/python3.12/site-packages/flight_control_node
[1.634s] copying /home/maxim/super_ws/build/flight_control_node/build/lib/flight_control_node/flight_node.py -> /home/maxim/super_ws/install/flight_control_node/lib/python3.12/site-packages/flight_control_node
[1.635s] copying /home/maxim/super_ws/build/flight_control_node/build/lib/flight_control_node/__init__.py -> /home/maxim/super_ws/install/flight_control_node/lib/python3.12/site-packages/flight_control_node
[1.635s] byte-compiling /home/maxim/super_ws/install/flight_control_node/lib/python3.12/site-packages/flight_control_node/flight_node.py to flight_node.cpython-312.pyc
[1.636s] byte-compiling /home/maxim/super_ws/install/flight_control_node/lib/python3.12/site-packages/flight_control_node/__init__.py to __init__.cpython-312.pyc
[1.637s] running install_data
[1.638s] copying resource/flight_control_node -> /home/maxim/super_ws/install/flight_control_node/share/ament_index/resource_index/packages
[1.639s] copying package.xml -> /home/maxim/super_ws/install/flight_control_node/share/flight_control_node
[1.639s] running install_egg_info
[1.660s] Copying ../../build/flight_control_node/flight_control_node.egg-info to /home/maxim/super_ws/install/flight_control_node/lib/python3.12/site-packages/flight_control_node-0.0.0-py3.12.egg-info
[1.661s] running install_scripts
[1.764s] Installing start_flight script to /home/maxim/super_ws/install/flight_control_node/lib/flight_control_node
[1.764s] writing list of installed files to '/home/maxim/super_ws/build/flight_control_node/install.log'
[1.783s] Invoked command in '/home/maxim/super_ws/src/flight_control_node' returned '0': AMENT_PREFIX_PATH=/home/maxim/super_ws/install/px4_msgs:${AMENT_PREFIX_PATH} CMAKE_PREFIX_PATH=/home/maxim/super_ws/install/px4_msgs:${CMAKE_PREFIX_PATH} DEBUGINFOD_URLS=https://debuginfod.ubuntu.com LD_LIBRARY_PATH=/home/maxim/super_ws/install/px4_msgs/lib:${LD_LIBRARY_PATH} PS1=\[\e]0;\u@\h: \w\a\]${debian_chroot:+($debian_chroot)}\[\033[01;35m\]\u@\h\[\033[00m\]:\[\033[01;34m\]\w\[\033[00m\]\$ PYTHONPATH=/home/maxim/super_ws/build/flight_control_node/prefix_override:/usr/lib/python3/dist-packages/colcon_core/task/python/colcon_distutils_commands:/home/maxim/super_ws/install/flight_control_node/lib/python3.12/site-packages:/home/maxim/super_ws/install/px4_msgs/lib/python3.12/site-packages:${PYTHONPATH} /usr/bin/python3 -W ignore:setup.py install is deprecated -W ignore:easy_install command is deprecated setup.py egg_info --egg-base ../../build/flight_control_node build --build-base /home/maxim/super_ws/build/flight_control_node/build install --record /home/maxim/super_ws/build/flight_control_node/install.log --single-version-externally-managed install_data --force
