[0.118s] DEBUG:colcon:Command line arguments: ['/usr/bin/colcon', 'build', '--symlink-install']
[0.118s] DEBUG:colcon:Parsed command line arguments: Namespace(log_base=None, log_level=None, verb_name='build', build_base='build', install_base='install', merge_install=False, symlink_install=True, test_result_base=None, continue_on_error=False, executor='parallel', parallel_workers=8, event_handlers=None, ignore_user_meta=False, metas=['./colcon.meta'], base_paths=['.'], packages_ignore=None, packages_ignore_regex=None, paths=None, packages_up_to=None, packages_up_to_regex=None, packages_above=None, packages_above_and_dependencies=None, packages_above_depth=None, packages_select_by_dep=None, packages_skip_by_dep=None, packages_skip_up_to=None, packages_select_build_failed=False, packages_skip_build_finished=False, packages_select_test_failures=False, packages_skip_test_passed=False, packages_select=None, packages_skip=None, packages_select_regex=None, packages_skip_regex=None, packages_start=None, packages_end=None, allow_overriding=[], cmake_args=None, cmake_target=None, cmake_target_skip_unavailable=False, cmake_clean_cache=False, cmake_clean_first=False, cmake_force_configure=False, ament_cmake_args=None, catkin_cmake_args=None, catkin_skip_building_tests=False, mixin_files=None, mixin=None, verb_parser=<colcon_mixin.mixin.mixin_argument.MixinArgumentDecorator object at 0x7aa97e7e45c0>, verb_extension=<colcon_core.verb.build.BuildVerb object at 0x7aa97edb3b00>, main=<bound method BuildVerb.main of <colcon_core.verb.build.BuildVerb object at 0x7aa97edb3b00>>, mixin_verb=('build',))
[0.148s] Level 1:colcon.colcon_core.package_discovery:discover_packages(colcon_meta) check parameters
[0.149s] Level 1:colcon.colcon_core.package_discovery:discover_packages(recursive) check parameters
[0.149s] Level 1:colcon.colcon_core.package_discovery:discover_packages(ignore) check parameters
[0.149s] Level 1:colcon.colcon_core.package_discovery:discover_packages(path) check parameters
[0.149s] Level 1:colcon.colcon_core.package_discovery:discover_packages(colcon_meta) discover
[0.149s] Level 1:colcon.colcon_core.package_discovery:discover_packages(recursive) discover
[0.149s] INFO:colcon.colcon_core.package_discovery:Crawling recursively for packages in '/home/maxim/super_ws'
[0.149s] Level 1:colcon.colcon_core.package_identification:_identify(.) by extensions ['ignore', 'ignore_ament_install']
[0.149s] Level 1:colcon.colcon_core.package_identification:_identify(.) by extension 'ignore'
[0.149s] Level 1:colcon.colcon_core.package_identification:_identify(.) by extension 'ignore_ament_install'
[0.149s] Level 1:colcon.colcon_core.package_identification:_identify(.) by extensions ['colcon_pkg']
[0.149s] Level 1:colcon.colcon_core.package_identification:_identify(.) by extension 'colcon_pkg'
[0.149s] Level 1:colcon.colcon_core.package_identification:_identify(.) by extensions ['colcon_meta']
[0.149s] Level 1:colcon.colcon_core.package_identification:_identify(.) by extension 'colcon_meta'
[0.149s] Level 1:colcon.colcon_core.package_identification:_identify(.) by extensions ['ros']
[0.149s] Level 1:colcon.colcon_core.package_identification:_identify(.) by extension 'ros'
[0.173s] Level 1:colcon.colcon_core.package_identification:_identify(.) by extensions ['cmake', 'python']
[0.173s] Level 1:colcon.colcon_core.package_identification:_identify(.) by extension 'cmake'
[0.173s] Level 1:colcon.colcon_core.package_identification:_identify(.) by extension 'python'
[0.173s] Level 1:colcon.colcon_core.package_identification:_identify(.) by extensions ['python_setup_py']
[0.173s] Level 1:colcon.colcon_core.package_identification:_identify(.) by extension 'python_setup_py'
[0.173s] Level 1:colcon.colcon_core.package_identification:_identify(build) by extensions ['ignore', 'ignore_ament_install']
[0.173s] Level 1:colcon.colcon_core.package_identification:_identify(build) by extension 'ignore'
[0.173s] Level 1:colcon.colcon_core.package_identification:_identify(build) ignored
[0.173s] Level 1:colcon.colcon_core.package_identification:_identify(install) by extensions ['ignore', 'ignore_ament_install']
[0.173s] Level 1:colcon.colcon_core.package_identification:_identify(install) by extension 'ignore'
[0.173s] Level 1:colcon.colcon_core.package_identification:_identify(install) ignored
[0.174s] Level 1:colcon.colcon_core.package_identification:_identify(log) by extensions ['ignore', 'ignore_ament_install']
[0.174s] Level 1:colcon.colcon_core.package_identification:_identify(log) by extension 'ignore'
[0.174s] Level 1:colcon.colcon_core.package_identification:_identify(log) ignored
[0.174s] Level 1:colcon.colcon_core.package_identification:_identify(src) by extensions ['ignore', 'ignore_ament_install']
[0.174s] Level 1:colcon.colcon_core.package_identification:_identify(src) by extension 'ignore'
[0.174s] Level 1:colcon.colcon_core.package_identification:_identify(src) by extension 'ignore_ament_install'
[0.174s] Level 1:colcon.colcon_core.package_identification:_identify(src) by extensions ['colcon_pkg']
[0.174s] Level 1:colcon.colcon_core.package_identification:_identify(src) by extension 'colcon_pkg'
[0.174s] Level 1:colcon.colcon_core.package_identification:_identify(src) by extensions ['colcon_meta']
[0.174s] Level 1:colcon.colcon_core.package_identification:_identify(src) by extension 'colcon_meta'
[0.174s] Level 1:colcon.colcon_core.package_identification:_identify(src) by extensions ['ros']
[0.174s] Level 1:colcon.colcon_core.package_identification:_identify(src) by extension 'ros'
[0.174s] Level 1:colcon.colcon_core.package_identification:_identify(src) by extensions ['cmake', 'python']
[0.174s] Level 1:colcon.colcon_core.package_identification:_identify(src) by extension 'cmake'
[0.174s] Level 1:colcon.colcon_core.package_identification:_identify(src) by extension 'python'
[0.174s] Level 1:colcon.colcon_core.package_identification:_identify(src) by extensions ['python_setup_py']
[0.174s] Level 1:colcon.colcon_core.package_identification:_identify(src) by extension 'python_setup_py'
[0.174s] Level 1:colcon.colcon_core.package_identification:_identify(src/flight_control_node) by extensions ['ignore', 'ignore_ament_install']
[0.174s] Level 1:colcon.colcon_core.package_identification:_identify(src/flight_control_node) by extension 'ignore'
[0.174s] Level 1:colcon.colcon_core.package_identification:_identify(src/flight_control_node) by extension 'ignore_ament_install'
[0.174s] Level 1:colcon.colcon_core.package_identification:_identify(src/flight_control_node) by extensions ['colcon_pkg']
[0.174s] Level 1:colcon.colcon_core.package_identification:_identify(src/flight_control_node) by extension 'colcon_pkg'
[0.174s] Level 1:colcon.colcon_core.package_identification:_identify(src/flight_control_node) by extensions ['colcon_meta']
[0.174s] Level 1:colcon.colcon_core.package_identification:_identify(src/flight_control_node) by extension 'colcon_meta'
[0.174s] Level 1:colcon.colcon_core.package_identification:_identify(src/flight_control_node) by extensions ['ros']
[0.175s] Level 1:colcon.colcon_core.package_identification:_identify(src/flight_control_node) by extension 'ros'
[0.176s] DEBUG:colcon.colcon_core.package_identification:Package 'src/flight_control_node' with type 'ros.ament_python' and name 'flight_control_node'
[0.177s] Level 1:colcon.colcon_core.package_identification:_identify(src/px4_msgs) by extensions ['ignore', 'ignore_ament_install']
[0.177s] Level 1:colcon.colcon_core.package_identification:_identify(src/px4_msgs) by extension 'ignore'
[0.177s] Level 1:colcon.colcon_core.package_identification:_identify(src/px4_msgs) by extension 'ignore_ament_install'
[0.177s] Level 1:colcon.colcon_core.package_identification:_identify(src/px4_msgs) by extensions ['colcon_pkg']
[0.177s] Level 1:colcon.colcon_core.package_identification:_identify(src/px4_msgs) by extension 'colcon_pkg'
[0.177s] Level 1:colcon.colcon_core.package_identification:_identify(src/px4_msgs) by extensions ['colcon_meta']
[0.177s] Level 1:colcon.colcon_core.package_identification:_identify(src/px4_msgs) by extension 'colcon_meta'
[0.177s] Level 1:colcon.colcon_core.package_identification:_identify(src/px4_msgs) by extensions ['ros']
[0.177s] Level 1:colcon.colcon_core.package_identification:_identify(src/px4_msgs) by extension 'ros'
[0.177s] DEBUG:colcon.colcon_core.package_identification:Package 'src/px4_msgs' with type 'ros.ament_cmake' and name 'px4_msgs'
[0.177s] Level 1:colcon.colcon_core.package_discovery:discover_packages(recursive) using defaults
[0.177s] Level 1:colcon.colcon_core.package_discovery:discover_packages(ignore) discover
[0.177s] Level 1:colcon.colcon_core.package_discovery:discover_packages(ignore) using defaults
[0.178s] Level 1:colcon.colcon_core.package_discovery:discover_packages(path) discover
[0.178s] Level 1:colcon.colcon_core.package_discovery:discover_packages(path) using defaults
[0.192s] Level 1:colcon.colcon_core.package_discovery:discover_packages(prefix_path) check parameters
[0.192s] Level 1:colcon.colcon_core.package_discovery:discover_packages(prefix_path) discover
[0.196s] DEBUG:colcon.colcon_installed_package_information.package_discovery:Found 2 installed packages in /home/maxim/super_ws/install
[0.198s] DEBUG:colcon.colcon_installed_package_information.package_discovery:Found 320 installed packages in /opt/ros/jazzy
[0.198s] Level 1:colcon.colcon_core.package_discovery:discover_packages(prefix_path) using defaults
[0.236s] Level 5:colcon.colcon_core.verb:set package 'px4_msgs' build argument 'cmake_args' from command line to 'None'
[0.236s] Level 5:colcon.colcon_core.verb:set package 'px4_msgs' build argument 'cmake_target' from command line to 'None'
[0.236s] Level 5:colcon.colcon_core.verb:set package 'px4_msgs' build argument 'cmake_target_skip_unavailable' from command line to 'False'
[0.236s] Level 5:colcon.colcon_core.verb:set package 'px4_msgs' build argument 'cmake_clean_cache' from command line to 'False'
[0.236s] Level 5:colcon.colcon_core.verb:set package 'px4_msgs' build argument 'cmake_clean_first' from command line to 'False'
[0.236s] Level 5:colcon.colcon_core.verb:set package 'px4_msgs' build argument 'cmake_force_configure' from command line to 'False'
[0.236s] Level 5:colcon.colcon_core.verb:set package 'px4_msgs' build argument 'ament_cmake_args' from command line to 'None'
[0.236s] Level 5:colcon.colcon_core.verb:set package 'px4_msgs' build argument 'catkin_cmake_args' from command line to 'None'
[0.236s] Level 5:colcon.colcon_core.verb:set package 'px4_msgs' build argument 'catkin_skip_building_tests' from command line to 'False'
[0.236s] DEBUG:colcon.colcon_core.verb:Building package 'px4_msgs' with the following arguments: {'ament_cmake_args': None, 'build_base': '/home/maxim/super_ws/build/px4_msgs', 'catkin_cmake_args': None, 'catkin_skip_building_tests': False, 'cmake_args': None, 'cmake_clean_cache': False, 'cmake_clean_first': False, 'cmake_force_configure': False, 'cmake_target': None, 'cmake_target_skip_unavailable': False, 'install_base': '/home/maxim/super_ws/install/px4_msgs', 'merge_install': False, 'path': '/home/maxim/super_ws/src/px4_msgs', 'symlink_install': True, 'test_result_base': None}
[0.236s] Level 5:colcon.colcon_core.verb:set package 'flight_control_node' build argument 'cmake_args' from command line to 'None'
[0.236s] Level 5:colcon.colcon_core.verb:set package 'flight_control_node' build argument 'cmake_target' from command line to 'None'
[0.236s] Level 5:colcon.colcon_core.verb:set package 'flight_control_node' build argument 'cmake_target_skip_unavailable' from command line to 'False'
[0.237s] Level 5:colcon.colcon_core.verb:set package 'flight_control_node' build argument 'cmake_clean_cache' from command line to 'False'
[0.237s] Level 5:colcon.colcon_core.verb:set package 'flight_control_node' build argument 'cmake_clean_first' from command line to 'False'
[0.237s] Level 5:colcon.colcon_core.verb:set package 'flight_control_node' build argument 'cmake_force_configure' from command line to 'False'
[0.237s] Level 5:colcon.colcon_core.verb:set package 'flight_control_node' build argument 'ament_cmake_args' from command line to 'None'
[0.237s] Level 5:colcon.colcon_core.verb:set package 'flight_control_node' build argument 'catkin_cmake_args' from command line to 'None'
[0.237s] Level 5:colcon.colcon_core.verb:set package 'flight_control_node' build argument 'catkin_skip_building_tests' from command line to 'False'
[0.237s] DEBUG:colcon.colcon_core.verb:Building package 'flight_control_node' with the following arguments: {'ament_cmake_args': None, 'build_base': '/home/maxim/super_ws/build/flight_control_node', 'catkin_cmake_args': None, 'catkin_skip_building_tests': False, 'cmake_args': None, 'cmake_clean_cache': False, 'cmake_clean_first': False, 'cmake_force_configure': False, 'cmake_target': None, 'cmake_target_skip_unavailable': False, 'install_base': '/home/maxim/super_ws/install/flight_control_node', 'merge_install': False, 'path': '/home/maxim/super_ws/src/flight_control_node', 'symlink_install': True, 'test_result_base': None}
[0.237s] INFO:colcon.colcon_core.executor:Executing jobs using 'parallel' executor
[0.237s] DEBUG:colcon.colcon_parallel_executor.executor.parallel:run_until_complete
[0.238s] INFO:colcon.colcon_ros.task.ament_cmake.build:Building ROS package in '/home/maxim/super_ws/src/px4_msgs' with build type 'ament_cmake'
[0.238s] INFO:colcon.colcon_cmake.task.cmake.build:Building CMake package in '/home/maxim/super_ws/src/px4_msgs'
[0.239s] INFO:colcon.colcon_core.plugin_system:Skipping extension 'colcon_core.shell.bat': Not used on non-Windows systems
[0.239s] INFO:colcon.colcon_core.shell:Skip shell extension 'powershell' for command environment: Not usable outside of PowerShell
[0.239s] DEBUG:colcon.colcon_core.shell:Skip shell extension 'dsv' for command environment
[0.245s] DEBUG:colcon.colcon_core.event_handler.log_command:Invoking command in '/home/maxim/super_ws/build/px4_msgs': CMAKE_PREFIX_PATH=${CMAKE_PREFIX_PATH}:/opt/ros/jazzy:/home/maxim/super_ws/install/flight_control_node DEBUGINFOD_URLS=https://debuginfod.ubuntu.com PS1=(.local) \[\e]0;\u@\h: \w\a\]${debian_chroot:+($debian_chroot)}\[\033[01;35m\]\u@\h\[\033[00m\]:\[\033[01;34m\]\w\[\033[00m\]\$ VIRTUAL_ENV_PROMPT=(.local) /usr/bin/cmake --build /home/maxim/super_ws/build/px4_msgs -- -j8 -l8
[1.959s] DEBUG:colcon.colcon_core.event_handler.log_command:Invoked command in '/home/maxim/super_ws/build/px4_msgs' returned '0': CMAKE_PREFIX_PATH=${CMAKE_PREFIX_PATH}:/opt/ros/jazzy:/home/maxim/super_ws/install/flight_control_node DEBUGINFOD_URLS=https://debuginfod.ubuntu.com PS1=(.local) \[\e]0;\u@\h: \w\a\]${debian_chroot:+($debian_chroot)}\[\033[01;35m\]\u@\h\[\033[00m\]:\[\033[01;34m\]\w\[\033[00m\]\$ VIRTUAL_ENV_PROMPT=(.local) /usr/bin/cmake --build /home/maxim/super_ws/build/px4_msgs -- -j8 -l8
[1.966s] DEBUG:colcon.colcon_core.event_handler.log_command:Invoking command in '/home/maxim/super_ws/build/px4_msgs': CMAKE_PREFIX_PATH=${CMAKE_PREFIX_PATH}:/opt/ros/jazzy:/home/maxim/super_ws/install/flight_control_node DEBUGINFOD_URLS=https://debuginfod.ubuntu.com PS1=(.local) \[\e]0;\u@\h: \w\a\]${debian_chroot:+($debian_chroot)}\[\033[01;35m\]\u@\h\[\033[00m\]:\[\033[01;34m\]\w\[\033[00m\]\$ VIRTUAL_ENV_PROMPT=(.local) /usr/bin/cmake --install /home/maxim/super_ws/build/px4_msgs
[2.452s] Level 1:colcon.colcon_core.environment:create_environment_scripts_only(px4_msgs)
[2.452s] DEBUG:colcon.colcon_core.event_handler.log_command:Invoked command in '/home/maxim/super_ws/build/px4_msgs' returned '0': CMAKE_PREFIX_PATH=${CMAKE_PREFIX_PATH}:/opt/ros/jazzy:/home/maxim/super_ws/install/flight_control_node DEBUGINFOD_URLS=https://debuginfod.ubuntu.com PS1=(.local) \[\e]0;\u@\h: \w\a\]${debian_chroot:+($debian_chroot)}\[\033[01;35m\]\u@\h\[\033[00m\]:\[\033[01;34m\]\w\[\033[00m\]\$ VIRTUAL_ENV_PROMPT=(.local) /usr/bin/cmake --install /home/maxim/super_ws/build/px4_msgs
[2.454s] Level 1:colcon.colcon_core.environment:checking '/home/maxim/super_ws/install/px4_msgs' for CMake module files
[2.454s] Level 1:colcon.colcon_core.environment:checking '/home/maxim/super_ws/install/px4_msgs' for CMake config files
[2.470s] Level 1:colcon.colcon_core.shell:create_environment_hook('px4_msgs', 'cmake_prefix_path')
[2.470s] INFO:colcon.colcon_core.shell:Creating environment hook '/home/maxim/super_ws/install/px4_msgs/share/px4_msgs/hook/cmake_prefix_path.ps1'
[2.470s] INFO:colcon.colcon_core.shell:Creating environment descriptor '/home/maxim/super_ws/install/px4_msgs/share/px4_msgs/hook/cmake_prefix_path.dsv'
[2.471s] INFO:colcon.colcon_core.shell:Creating environment hook '/home/maxim/super_ws/install/px4_msgs/share/px4_msgs/hook/cmake_prefix_path.sh'
[2.471s] Level 1:colcon.colcon_core.environment:checking '/home/maxim/super_ws/install/px4_msgs/lib'
[2.471s] Level 1:colcon.colcon_core.shell:create_environment_hook('px4_msgs', 'ld_library_path_lib')
[2.471s] INFO:colcon.colcon_core.shell:Creating environment hook '/home/maxim/super_ws/install/px4_msgs/share/px4_msgs/hook/ld_library_path_lib.ps1'
[2.472s] INFO:colcon.colcon_core.shell:Creating environment descriptor '/home/maxim/super_ws/install/px4_msgs/share/px4_msgs/hook/ld_library_path_lib.dsv'
[2.472s] INFO:colcon.colcon_core.shell:Creating environment hook '/home/maxim/super_ws/install/px4_msgs/share/px4_msgs/hook/ld_library_path_lib.sh'
[2.472s] Level 1:colcon.colcon_core.environment:checking '/home/maxim/super_ws/install/px4_msgs/bin'
[2.472s] Level 1:colcon.colcon_core.environment:checking '/home/maxim/super_ws/install/px4_msgs/lib/pkgconfig/px4_msgs.pc'
[2.472s] Level 1:colcon.colcon_core.environment:checking '/home/maxim/super_ws/install/px4_msgs/lib/python3.12/site-packages'
[2.472s] Level 1:colcon.colcon_core.shell:create_environment_hook('px4_msgs', 'pythonpath')
[2.473s] INFO:colcon.colcon_core.shell:Creating environment hook '/home/maxim/super_ws/install/px4_msgs/share/px4_msgs/hook/pythonpath.ps1'
[2.473s] INFO:colcon.colcon_core.shell:Creating environment descriptor '/home/maxim/super_ws/install/px4_msgs/share/px4_msgs/hook/pythonpath.dsv'
[2.473s] INFO:colcon.colcon_core.shell:Creating environment hook '/home/maxim/super_ws/install/px4_msgs/share/px4_msgs/hook/pythonpath.sh'
[2.474s] Level 1:colcon.colcon_core.environment:checking '/home/maxim/super_ws/install/px4_msgs/bin'
[2.474s] INFO:colcon.colcon_core.shell:Creating package script '/home/maxim/super_ws/install/px4_msgs/share/px4_msgs/package.ps1'
[2.475s] INFO:colcon.colcon_core.shell:Creating package descriptor '/home/maxim/super_ws/install/px4_msgs/share/px4_msgs/package.dsv'
[2.475s] INFO:colcon.colcon_core.shell:Creating package script '/home/maxim/super_ws/install/px4_msgs/share/px4_msgs/package.sh'
[2.475s] INFO:colcon.colcon_core.shell:Creating package script '/home/maxim/super_ws/install/px4_msgs/share/px4_msgs/package.bash'
[2.476s] INFO:colcon.colcon_core.shell:Creating package script '/home/maxim/super_ws/install/px4_msgs/share/px4_msgs/package.zsh'
[2.476s] Level 1:colcon.colcon_core.environment:create_file_with_runtime_dependencies(/home/maxim/super_ws/install/px4_msgs/share/colcon-core/packages/px4_msgs)
[2.477s] Level 1:colcon.colcon_core.environment:create_environment_scripts_only(px4_msgs)
[2.477s] Level 1:colcon.colcon_core.environment:checking '/home/maxim/super_ws/install/px4_msgs' for CMake module files
[2.477s] Level 1:colcon.colcon_core.environment:checking '/home/maxim/super_ws/install/px4_msgs' for CMake config files
[2.493s] Level 1:colcon.colcon_core.shell:create_environment_hook('px4_msgs', 'cmake_prefix_path')
[2.493s] INFO:colcon.colcon_core.shell:Creating environment hook '/home/maxim/super_ws/install/px4_msgs/share/px4_msgs/hook/cmake_prefix_path.ps1'
[2.493s] INFO:colcon.colcon_core.shell:Creating environment descriptor '/home/maxim/super_ws/install/px4_msgs/share/px4_msgs/hook/cmake_prefix_path.dsv'
[2.493s] INFO:colcon.colcon_core.shell:Creating environment hook '/home/maxim/super_ws/install/px4_msgs/share/px4_msgs/hook/cmake_prefix_path.sh'
[2.494s] Level 1:colcon.colcon_core.environment:checking '/home/maxim/super_ws/install/px4_msgs/lib'
[2.494s] Level 1:colcon.colcon_core.shell:create_environment_hook('px4_msgs', 'ld_library_path_lib')
[2.494s] INFO:colcon.colcon_core.shell:Creating environment hook '/home/maxim/super_ws/install/px4_msgs/share/px4_msgs/hook/ld_library_path_lib.ps1'
[2.494s] INFO:colcon.colcon_core.shell:Creating environment descriptor '/home/maxim/super_ws/install/px4_msgs/share/px4_msgs/hook/ld_library_path_lib.dsv'
[2.494s] INFO:colcon.colcon_core.shell:Creating environment hook '/home/maxim/super_ws/install/px4_msgs/share/px4_msgs/hook/ld_library_path_lib.sh'
[2.495s] Level 1:colcon.colcon_core.environment:checking '/home/maxim/super_ws/install/px4_msgs/bin'
[2.495s] Level 1:colcon.colcon_core.environment:checking '/home/maxim/super_ws/install/px4_msgs/lib/pkgconfig/px4_msgs.pc'
[2.495s] Level 1:colcon.colcon_core.environment:checking '/home/maxim/super_ws/install/px4_msgs/lib/python3.12/site-packages'
[2.495s] Level 1:colcon.colcon_core.shell:create_environment_hook('px4_msgs', 'pythonpath')
[2.495s] INFO:colcon.colcon_core.shell:Creating environment hook '/home/maxim/super_ws/install/px4_msgs/share/px4_msgs/hook/pythonpath.ps1'
[2.495s] INFO:colcon.colcon_core.shell:Creating environment descriptor '/home/maxim/super_ws/install/px4_msgs/share/px4_msgs/hook/pythonpath.dsv'
[2.496s] INFO:colcon.colcon_core.shell:Creating environment hook '/home/maxim/super_ws/install/px4_msgs/share/px4_msgs/hook/pythonpath.sh'
[2.496s] Level 1:colcon.colcon_core.environment:checking '/home/maxim/super_ws/install/px4_msgs/bin'
[2.496s] INFO:colcon.colcon_core.shell:Creating package script '/home/maxim/super_ws/install/px4_msgs/share/px4_msgs/package.ps1'
[2.497s] INFO:colcon.colcon_core.shell:Creating package descriptor '/home/maxim/super_ws/install/px4_msgs/share/px4_msgs/package.dsv'
[2.497s] INFO:colcon.colcon_core.shell:Creating package script '/home/maxim/super_ws/install/px4_msgs/share/px4_msgs/package.sh'
[2.498s] INFO:colcon.colcon_core.shell:Creating package script '/home/maxim/super_ws/install/px4_msgs/share/px4_msgs/package.bash'
[2.498s] INFO:colcon.colcon_core.shell:Creating package script '/home/maxim/super_ws/install/px4_msgs/share/px4_msgs/package.zsh'
[2.498s] Level 1:colcon.colcon_core.environment:create_file_with_runtime_dependencies(/home/maxim/super_ws/install/px4_msgs/share/colcon-core/packages/px4_msgs)
[2.498s] INFO:colcon.colcon_ros.task.ament_python.build:Building ROS package in '/home/maxim/super_ws/src/flight_control_node' with build type 'ament_python'
[2.498s] Level 1:colcon.colcon_core.shell:create_environment_hook('flight_control_node', 'ament_prefix_path')
[2.499s] INFO:colcon.colcon_core.shell:Creating environment hook '/home/maxim/super_ws/install/flight_control_node/share/flight_control_node/hook/ament_prefix_path.ps1'
[2.499s] INFO:colcon.colcon_core.shell:Creating environment descriptor '/home/maxim/super_ws/install/flight_control_node/share/flight_control_node/hook/ament_prefix_path.dsv'
[2.499s] INFO:colcon.colcon_core.shell:Creating environment hook '/home/maxim/super_ws/install/flight_control_node/share/flight_control_node/hook/ament_prefix_path.sh'
[2.500s] INFO:colcon.colcon_core.shell:Skip shell extension 'powershell' for command environment: Not usable outside of PowerShell
[2.500s] DEBUG:colcon.colcon_core.shell:Skip shell extension 'dsv' for command environment
[2.708s] INFO:colcon.colcon_core.task.python.build:Building Python package in '/home/maxim/super_ws/src/flight_control_node'
[2.709s] INFO:colcon.colcon_core.shell:Skip shell extension 'powershell' for command environment: Not usable outside of PowerShell
[2.709s] DEBUG:colcon.colcon_core.shell:Skip shell extension 'dsv' for command environment
[3.231s] DEBUG:colcon.colcon_core.event_handler.log_command:Invoking command in '/home/maxim/super_ws/build/flight_control_node': CMAKE_PREFIX_PATH=/home/maxim/super_ws/install/px4_msgs:/opt/ros/jazzy/opt/gz_sim_vendor:/opt/ros/jazzy/opt/gz_sensors_vendor:/opt/ros/jazzy/opt/gz_physics_vendor:/opt/ros/jazzy/opt/sdformat_vendor:/opt/ros/jazzy/opt/gz_gui_vendor:/opt/ros/jazzy/opt/gz_transport_vendor:/opt/ros/jazzy/opt/gz_rendering_vendor:/opt/ros/jazzy/opt/gz_plugin_vendor:/opt/ros/jazzy/opt/gz_fuel_tools_vendor:/opt/ros/jazzy/opt/gz_msgs_vendor:/opt/ros/jazzy/opt/gz_common_vendor:/opt/ros/jazzy/opt/gz_math_vendor:/opt/ros/jazzy/opt/gz_utils_vendor:/opt/ros/jazzy/opt/gz_tools_vendor:/opt/ros/jazzy/opt/gz_ogre_next_vendor:/opt/ros/jazzy/opt/gz_dartsim_vendor:/opt/ros/jazzy/opt/gz_cmake_vendor DEBUGINFOD_URLS=https://debuginfod.ubuntu.com LD_LIBRARY_PATH=/home/maxim/super_ws/install/px4_msgs/lib:/opt/ros/jazzy/opt/gz_sim_vendor/lib:/opt/ros/jazzy/opt/gz_sensors_vendor/lib:/opt/ros/jazzy/opt/gz_physics_vendor/lib:/opt/ros/jazzy/opt/sdformat_vendor/lib:/opt/ros/jazzy/opt/rviz_ogre_vendor/lib:/opt/ros/jazzy/lib/x86_64-linux-gnu:/opt/ros/jazzy/opt/gz_gui_vendor/lib:/opt/ros/jazzy/opt/gz_transport_vendor/lib:/opt/ros/jazzy/opt/gz_rendering_vendor/lib:/opt/ros/jazzy/opt/gz_plugin_vendor/lib:/opt/ros/jazzy/opt/gz_fuel_tools_vendor/lib:/opt/ros/jazzy/opt/gz_msgs_vendor/lib:/opt/ros/jazzy/opt/gz_common_vendor/lib:/opt/ros/jazzy/opt/gz_math_vendor/lib:/opt/ros/jazzy/opt/gz_utils_vendor/lib:/opt/ros/jazzy/opt/gz_tools_vendor/lib:/opt/ros/jazzy/opt/gz_ogre_next_vendor/lib:/opt/ros/jazzy/opt/gz_dartsim_vendor/lib:/opt/ros/jazzy/opt/gz_cmake_vendor/lib:/opt/ros/jazzy/lib PS1=(.local) \[\e]0;\u@\h: \w\a\]${debian_chroot:+($debian_chroot)}\[\033[01;35m\]\u@\h\[\033[00m\]:\[\033[01;34m\]\w\[\033[00m\]\$ PYTHONPATH=/home/maxim/super_ws/build/flight_control_node/prefix_override:/usr/lib/python3/dist-packages/colcon_core/task/python/colcon_distutils_commands:/home/maxim/super_ws/install/flight_control_node/lib/python3.12/site-packages:/home/maxim/super_ws/install/px4_msgs/lib/python3.12/site-packages:/opt/ros/jazzy/lib/python3.12/site-packages:/home/maxim/super_ws/build/flight_control_node:/home/maxim/super_ws/install/flight_control_node/lib/python3.12/site-packages VIRTUAL_ENV_PROMPT=(.local) /usr/bin/python3 -W ignore:setup.py install is deprecated -W ignore:easy_install command is deprecated setup.py develop --editable --build-directory /home/maxim/super_ws/build/flight_control_node/build --no-deps symlink_data
[3.840s] Level 1:colcon.colcon_core.shell:create_environment_hook('flight_control_node', 'pythonpath_develop')
[3.840s] INFO:colcon.colcon_core.shell:Creating environment hook '/home/maxim/super_ws/build/flight_control_node/share/flight_control_node/hook/pythonpath_develop.ps1'
[3.840s] DEBUG:colcon.colcon_core.event_handler.log_command:Invoked command in '/home/maxim/super_ws/build/flight_control_node' returned '0': CMAKE_PREFIX_PATH=/home/maxim/super_ws/install/px4_msgs:/opt/ros/jazzy/opt/gz_sim_vendor:/opt/ros/jazzy/opt/gz_sensors_vendor:/opt/ros/jazzy/opt/gz_physics_vendor:/opt/ros/jazzy/opt/sdformat_vendor:/opt/ros/jazzy/opt/gz_gui_vendor:/opt/ros/jazzy/opt/gz_transport_vendor:/opt/ros/jazzy/opt/gz_rendering_vendor:/opt/ros/jazzy/opt/gz_plugin_vendor:/opt/ros/jazzy/opt/gz_fuel_tools_vendor:/opt/ros/jazzy/opt/gz_msgs_vendor:/opt/ros/jazzy/opt/gz_common_vendor:/opt/ros/jazzy/opt/gz_math_vendor:/opt/ros/jazzy/opt/gz_utils_vendor:/opt/ros/jazzy/opt/gz_tools_vendor:/opt/ros/jazzy/opt/gz_ogre_next_vendor:/opt/ros/jazzy/opt/gz_dartsim_vendor:/opt/ros/jazzy/opt/gz_cmake_vendor DEBUGINFOD_URLS=https://debuginfod.ubuntu.com LD_LIBRARY_PATH=/home/maxim/super_ws/install/px4_msgs/lib:/opt/ros/jazzy/opt/gz_sim_vendor/lib:/opt/ros/jazzy/opt/gz_sensors_vendor/lib:/opt/ros/jazzy/opt/gz_physics_vendor/lib:/opt/ros/jazzy/opt/sdformat_vendor/lib:/opt/ros/jazzy/opt/rviz_ogre_vendor/lib:/opt/ros/jazzy/lib/x86_64-linux-gnu:/opt/ros/jazzy/opt/gz_gui_vendor/lib:/opt/ros/jazzy/opt/gz_transport_vendor/lib:/opt/ros/jazzy/opt/gz_rendering_vendor/lib:/opt/ros/jazzy/opt/gz_plugin_vendor/lib:/opt/ros/jazzy/opt/gz_fuel_tools_vendor/lib:/opt/ros/jazzy/opt/gz_msgs_vendor/lib:/opt/ros/jazzy/opt/gz_common_vendor/lib:/opt/ros/jazzy/opt/gz_math_vendor/lib:/opt/ros/jazzy/opt/gz_utils_vendor/lib:/opt/ros/jazzy/opt/gz_tools_vendor/lib:/opt/ros/jazzy/opt/gz_ogre_next_vendor/lib:/opt/ros/jazzy/opt/gz_dartsim_vendor/lib:/opt/ros/jazzy/opt/gz_cmake_vendor/lib:/opt/ros/jazzy/lib PS1=(.local) \[\e]0;\u@\h: \w\a\]${debian_chroot:+($debian_chroot)}\[\033[01;35m\]\u@\h\[\033[00m\]:\[\033[01;34m\]\w\[\033[00m\]\$ PYTHONPATH=/home/maxim/super_ws/build/flight_control_node/prefix_override:/usr/lib/python3/dist-packages/colcon_core/task/python/colcon_distutils_commands:/home/maxim/super_ws/install/flight_control_node/lib/python3.12/site-packages:/home/maxim/super_ws/install/px4_msgs/lib/python3.12/site-packages:/opt/ros/jazzy/lib/python3.12/site-packages:/home/maxim/super_ws/build/flight_control_node:/home/maxim/super_ws/install/flight_control_node/lib/python3.12/site-packages VIRTUAL_ENV_PROMPT=(.local) /usr/bin/python3 -W ignore:setup.py install is deprecated -W ignore:easy_install command is deprecated setup.py develop --editable --build-directory /home/maxim/super_ws/build/flight_control_node/build --no-deps symlink_data
[3.840s] INFO:colcon.colcon_core.shell:Creating environment descriptor '/home/maxim/super_ws/build/flight_control_node/share/flight_control_node/hook/pythonpath_develop.dsv'
[3.841s] INFO:colcon.colcon_core.shell:Creating environment hook '/home/maxim/super_ws/build/flight_control_node/share/flight_control_node/hook/pythonpath_develop.sh'
[3.841s] Level 1:colcon.colcon_core.environment:checking '/home/maxim/super_ws/install/flight_control_node' for CMake module files
[3.841s] Level 1:colcon.colcon_core.environment:checking '/home/maxim/super_ws/install/flight_control_node' for CMake config files
[3.842s] Level 1:colcon.colcon_core.environment:checking '/home/maxim/super_ws/install/flight_control_node/lib'
[3.842s] Level 1:colcon.colcon_core.environment:checking '/home/maxim/super_ws/install/flight_control_node/bin'
[3.842s] Level 1:colcon.colcon_core.environment:checking '/home/maxim/super_ws/install/flight_control_node/lib/pkgconfig/flight_control_node.pc'
[3.842s] Level 1:colcon.colcon_core.environment:checking '/home/maxim/super_ws/install/flight_control_node/lib/python3.12/site-packages'
[3.842s] Level 1:colcon.colcon_core.shell:create_environment_hook('flight_control_node', 'pythonpath')
[3.842s] INFO:colcon.colcon_core.shell:Creating environment hook '/home/maxim/super_ws/install/flight_control_node/share/flight_control_node/hook/pythonpath.ps1'
[3.843s] INFO:colcon.colcon_core.shell:Creating environment descriptor '/home/maxim/super_ws/install/flight_control_node/share/flight_control_node/hook/pythonpath.dsv'
[3.843s] INFO:colcon.colcon_core.shell:Creating environment hook '/home/maxim/super_ws/install/flight_control_node/share/flight_control_node/hook/pythonpath.sh'
[3.843s] Level 1:colcon.colcon_core.environment:checking '/home/maxim/super_ws/install/flight_control_node/bin'
[3.843s] Level 1:colcon.colcon_core.environment:create_environment_scripts_only(flight_control_node)
[3.844s] INFO:colcon.colcon_core.shell:Creating package script '/home/maxim/super_ws/install/flight_control_node/share/flight_control_node/package.ps1'
[3.844s] INFO:colcon.colcon_core.shell:Creating package descriptor '/home/maxim/super_ws/install/flight_control_node/share/flight_control_node/package.dsv'
[3.844s] INFO:colcon.colcon_core.shell:Creating package script '/home/maxim/super_ws/install/flight_control_node/share/flight_control_node/package.sh'
[3.845s] INFO:colcon.colcon_core.shell:Creating package script '/home/maxim/super_ws/install/flight_control_node/share/flight_control_node/package.bash'
[3.845s] INFO:colcon.colcon_core.shell:Creating package script '/home/maxim/super_ws/install/flight_control_node/share/flight_control_node/package.zsh'
[3.845s] Level 1:colcon.colcon_core.environment:create_file_with_runtime_dependencies(/home/maxim/super_ws/install/flight_control_node/share/colcon-core/packages/flight_control_node)
[3.845s] DEBUG:colcon.colcon_parallel_executor.executor.parallel:closing loop
[3.845s] DEBUG:colcon.colcon_parallel_executor.executor.parallel:loop closed
[3.845s] DEBUG:colcon.colcon_parallel_executor.executor.parallel:run_until_complete finished with '0'
[3.846s] DEBUG:colcon.colcon_core.event_reactor:joining thread
[3.850s] INFO:colcon.colcon_core.plugin_system:Skipping extension 'colcon_notification.desktop_notification.terminal_notifier': Not used on non-Darwin systems
[3.850s] INFO:colcon.colcon_core.plugin_system:Skipping extension 'colcon_notification.desktop_notification.win32': Not used on non-Windows systems
[3.850s] INFO:colcon.colcon_notification.desktop_notification:Sending desktop notification using 'notify2'
[3.860s] DEBUG:colcon.colcon_core.event_reactor:joined thread
[3.861s] INFO:colcon.colcon_core.shell:Creating prefix script '/home/maxim/super_ws/install/local_setup.ps1'
[3.861s] INFO:colcon.colcon_core.shell:Creating prefix util module '/home/maxim/super_ws/install/_local_setup_util_ps1.py'
[3.862s] INFO:colcon.colcon_core.shell:Creating prefix chain script '/home/maxim/super_ws/install/setup.ps1'
[3.863s] INFO:colcon.colcon_core.shell:Creating prefix script '/home/maxim/super_ws/install/local_setup.sh'
[3.863s] INFO:colcon.colcon_core.shell:Creating prefix util module '/home/maxim/super_ws/install/_local_setup_util_sh.py'
[3.864s] INFO:colcon.colcon_core.shell:Creating prefix chain script '/home/maxim/super_ws/install/setup.sh'
[3.864s] INFO:colcon.colcon_core.shell:Creating prefix script '/home/maxim/super_ws/install/local_setup.bash'
[3.865s] INFO:colcon.colcon_core.shell:Creating prefix chain script '/home/maxim/super_ws/install/setup.bash'
[3.865s] INFO:colcon.colcon_core.shell:Creating prefix script '/home/maxim/super_ws/install/local_setup.zsh'
[3.866s] INFO:colcon.colcon_core.shell:Creating prefix chain script '/home/maxim/super_ws/install/setup.zsh'
