running egg_info
writing ../../build/flight_control_node/flight_control_node.egg-info/PKG-INFO
writing dependency_links to ../../build/flight_control_node/flight_control_node.egg-info/dependency_links.txt
writing entry points to ../../build/flight_control_node/flight_control_node.egg-info/entry_points.txt
writing requirements to ../../build/flight_control_node/flight_control_node.egg-info/requires.txt
writing top-level names to ../../build/flight_control_node/flight_control_node.egg-info/top_level.txt
reading manifest file '../../build/flight_control_node/flight_control_node.egg-info/SOURCES.txt'
adding license file 'LICENSE'
writing manifest file '../../build/flight_control_node/flight_control_node.egg-info/SOURCES.txt'
running build
running build_py
copying flight_control_node/flight_node.py -> /home/maxim/super_ws/build/flight_control_node/build/lib/flight_control_node
copying flight_control_node/__init__.py -> /home/maxim/super_ws/build/flight_control_node/build/lib/flight_control_node
running install
running install_lib
copying /home/maxim/super_ws/build/flight_control_node/build/lib/flight_control_node/flight_node.py -> /home/maxim/super_ws/install/flight_control_node/lib/python3.12/site-packages/flight_control_node
byte-compiling /home/maxim/super_ws/install/flight_control_node/lib/python3.12/site-packages/flight_control_node/flight_node.py to flight_node.cpython-312.pyc
running install_data
copying resource/flight_control_node -> /home/maxim/super_ws/install/flight_control_node/share/ament_index/resource_index/packages
copying package.xml -> /home/maxim/super_ws/install/flight_control_node/share/flight_control_node
running install_egg_info
removing '/home/maxim/super_ws/install/flight_control_node/lib/python3.12/site-packages/flight_control_node-0.0.0-py3.12.egg-info' (and everything under it)
Copying ../../build/flight_control_node/flight_control_node.egg-info to /home/maxim/super_ws/install/flight_control_node/lib/python3.12/site-packages/flight_control_node-0.0.0-py3.12.egg-info
running install_scripts
Installing start_flight script to /home/maxim/super_ws/install/flight_control_node/lib/flight_control_node
writing list of installed files to '/home/maxim/super_ws/build/flight_control_node/install.log'
