[0.099s] DEBUG:colcon:Command line arguments: ['/usr/bin/colcon', 'build', '--symlink-install']
[0.099s] DEBUG:colcon:Parsed command line arguments: Namespace(log_base=None, log_level=None, verb_name='build', build_base='build', install_base='install', merge_install=False, symlink_install=True, test_result_base=None, continue_on_error=False, executor='parallel', parallel_workers=8, event_handlers=None, ignore_user_meta=False, metas=['./colcon.meta'], base_paths=['.'], packages_ignore=None, packages_ignore_regex=None, paths=None, packages_up_to=None, packages_up_to_regex=None, packages_above=None, packages_above_and_dependencies=None, packages_above_depth=None, packages_select_by_dep=None, packages_skip_by_dep=None, packages_skip_up_to=None, packages_select_build_failed=False, packages_skip_build_finished=False, packages_select_test_failures=False, packages_skip_test_passed=False, packages_select=None, packages_skip=None, packages_select_regex=None, packages_skip_regex=None, packages_start=None, packages_end=None, allow_overriding=[], cmake_args=None, cmake_target=None, cmake_target_skip_unavailable=False, cmake_clean_cache=False, cmake_clean_first=False, cmake_force_configure=False, ament_cmake_args=None, catkin_cmake_args=None, catkin_skip_building_tests=False, mixin_files=None, mixin=None, verb_parser=<colcon_mixin.mixin.mixin_argument.MixinArgumentDecorator object at 0x7f85410d43e0>, verb_extension=<colcon_core.verb.build.BuildVerb object at 0x7f85411f8560>, main=<bound method BuildVerb.main of <colcon_core.verb.build.BuildVerb object at 0x7f85411f8560>>, mixin_verb=('build',))
[0.130s] Level 1:colcon.colcon_core.package_discovery:discover_packages(colcon_meta) check parameters
[0.130s] Level 1:colcon.colcon_core.package_discovery:discover_packages(recursive) check parameters
[0.130s] Level 1:colcon.colcon_core.package_discovery:discover_packages(ignore) check parameters
[0.130s] Level 1:colcon.colcon_core.package_discovery:discover_packages(path) check parameters
[0.130s] Level 1:colcon.colcon_core.package_discovery:discover_packages(colcon_meta) discover
[0.130s] Level 1:colcon.colcon_core.package_discovery:discover_packages(recursive) discover
[0.130s] INFO:colcon.colcon_core.package_discovery:Crawling recursively for packages in '/home/maxim/super_ws'
[0.130s] Level 1:colcon.colcon_core.package_identification:_identify(.) by extensions ['ignore', 'ignore_ament_install']
[0.130s] Level 1:colcon.colcon_core.package_identification:_identify(.) by extension 'ignore'
[0.130s] Level 1:colcon.colcon_core.package_identification:_identify(.) by extension 'ignore_ament_install'
[0.130s] Level 1:colcon.colcon_core.package_identification:_identify(.) by extensions ['colcon_pkg']
[0.130s] Level 1:colcon.colcon_core.package_identification:_identify(.) by extension 'colcon_pkg'
[0.130s] Level 1:colcon.colcon_core.package_identification:_identify(.) by extensions ['colcon_meta']
[0.130s] Level 1:colcon.colcon_core.package_identification:_identify(.) by extension 'colcon_meta'
[0.130s] Level 1:colcon.colcon_core.package_identification:_identify(.) by extensions ['ros']
[0.130s] Level 1:colcon.colcon_core.package_identification:_identify(.) by extension 'ros'
[0.154s] Level 1:colcon.colcon_core.package_identification:_identify(.) by extensions ['cmake', 'python']
[0.154s] Level 1:colcon.colcon_core.package_identification:_identify(.) by extension 'cmake'
[0.154s] Level 1:colcon.colcon_core.package_identification:_identify(.) by extension 'python'
[0.154s] Level 1:colcon.colcon_core.package_identification:_identify(.) by extensions ['python_setup_py']
[0.154s] Level 1:colcon.colcon_core.package_identification:_identify(.) by extension 'python_setup_py'
[0.154s] Level 1:colcon.colcon_core.package_identification:_identify(build) by extensions ['ignore', 'ignore_ament_install']
[0.154s] Level 1:colcon.colcon_core.package_identification:_identify(build) by extension 'ignore'
[0.154s] Level 1:colcon.colcon_core.package_identification:_identify(build) ignored
[0.154s] Level 1:colcon.colcon_core.package_identification:_identify(install) by extensions ['ignore', 'ignore_ament_install']
[0.154s] Level 1:colcon.colcon_core.package_identification:_identify(install) by extension 'ignore'
[0.154s] Level 1:colcon.colcon_core.package_identification:_identify(install) ignored
[0.154s] Level 1:colcon.colcon_core.package_identification:_identify(log) by extensions ['ignore', 'ignore_ament_install']
[0.154s] Level 1:colcon.colcon_core.package_identification:_identify(log) by extension 'ignore'
[0.154s] Level 1:colcon.colcon_core.package_identification:_identify(log) ignored
[0.155s] Level 1:colcon.colcon_core.package_identification:_identify(src) by extensions ['ignore', 'ignore_ament_install']
[0.155s] Level 1:colcon.colcon_core.package_identification:_identify(src) by extension 'ignore'
[0.155s] Level 1:colcon.colcon_core.package_identification:_identify(src) by extension 'ignore_ament_install'
[0.155s] Level 1:colcon.colcon_core.package_identification:_identify(src) by extensions ['colcon_pkg']
[0.155s] Level 1:colcon.colcon_core.package_identification:_identify(src) by extension 'colcon_pkg'
[0.155s] Level 1:colcon.colcon_core.package_identification:_identify(src) by extensions ['colcon_meta']
[0.155s] Level 1:colcon.colcon_core.package_identification:_identify(src) by extension 'colcon_meta'
[0.155s] Level 1:colcon.colcon_core.package_identification:_identify(src) by extensions ['ros']
[0.155s] Level 1:colcon.colcon_core.package_identification:_identify(src) by extension 'ros'
[0.155s] Level 1:colcon.colcon_core.package_identification:_identify(src) by extensions ['cmake', 'python']
[0.155s] Level 1:colcon.colcon_core.package_identification:_identify(src) by extension 'cmake'
[0.155s] Level 1:colcon.colcon_core.package_identification:_identify(src) by extension 'python'
[0.155s] Level 1:colcon.colcon_core.package_identification:_identify(src) by extensions ['python_setup_py']
[0.155s] Level 1:colcon.colcon_core.package_identification:_identify(src) by extension 'python_setup_py'
[0.155s] Level 1:colcon.colcon_core.package_identification:_identify(src/flight_control_node) by extensions ['ignore', 'ignore_ament_install']
[0.155s] Level 1:colcon.colcon_core.package_identification:_identify(src/flight_control_node) by extension 'ignore'
[0.155s] Level 1:colcon.colcon_core.package_identification:_identify(src/flight_control_node) by extension 'ignore_ament_install'
[0.155s] Level 1:colcon.colcon_core.package_identification:_identify(src/flight_control_node) by extensions ['colcon_pkg']
[0.155s] Level 1:colcon.colcon_core.package_identification:_identify(src/flight_control_node) by extension 'colcon_pkg'
[0.155s] Level 1:colcon.colcon_core.package_identification:_identify(src/flight_control_node) by extensions ['colcon_meta']
[0.155s] Level 1:colcon.colcon_core.package_identification:_identify(src/flight_control_node) by extension 'colcon_meta'
[0.155s] Level 1:colcon.colcon_core.package_identification:_identify(src/flight_control_node) by extensions ['ros']
[0.155s] Level 1:colcon.colcon_core.package_identification:_identify(src/flight_control_node) by extension 'ros'
[0.157s] DEBUG:colcon.colcon_core.package_identification:Package 'src/flight_control_node' with type 'ros.ament_python' and name 'flight_control_node'
[0.157s] Level 1:colcon.colcon_core.package_identification:_identify(src/px4_msgs) by extensions ['ignore', 'ignore_ament_install']
[0.157s] Level 1:colcon.colcon_core.package_identification:_identify(src/px4_msgs) by extension 'ignore'
[0.157s] Level 1:colcon.colcon_core.package_identification:_identify(src/px4_msgs) by extension 'ignore_ament_install'
[0.157s] Level 1:colcon.colcon_core.package_identification:_identify(src/px4_msgs) by extensions ['colcon_pkg']
[0.157s] Level 1:colcon.colcon_core.package_identification:_identify(src/px4_msgs) by extension 'colcon_pkg'
[0.158s] Level 1:colcon.colcon_core.package_identification:_identify(src/px4_msgs) by extensions ['colcon_meta']
[0.158s] Level 1:colcon.colcon_core.package_identification:_identify(src/px4_msgs) by extension 'colcon_meta'
[0.158s] Level 1:colcon.colcon_core.package_identification:_identify(src/px4_msgs) by extensions ['ros']
[0.158s] Level 1:colcon.colcon_core.package_identification:_identify(src/px4_msgs) by extension 'ros'
[0.158s] DEBUG:colcon.colcon_core.package_identification:Package 'src/px4_msgs' with type 'ros.ament_cmake' and name 'px4_msgs'
[0.158s] Level 1:colcon.colcon_core.package_discovery:discover_packages(recursive) using defaults
[0.158s] Level 1:colcon.colcon_core.package_discovery:discover_packages(ignore) discover
[0.158s] Level 1:colcon.colcon_core.package_discovery:discover_packages(ignore) using defaults
[0.158s] Level 1:colcon.colcon_core.package_discovery:discover_packages(path) discover
[0.158s] Level 1:colcon.colcon_core.package_discovery:discover_packages(path) using defaults
[0.172s] Level 1:colcon.colcon_core.package_discovery:discover_packages(prefix_path) check parameters
[0.172s] Level 1:colcon.colcon_core.package_discovery:discover_packages(prefix_path) discover
[0.174s] DEBUG:colcon.colcon_installed_package_information.package_discovery:Found 320 installed packages in /opt/ros/jazzy
[0.175s] Level 1:colcon.colcon_core.package_discovery:discover_packages(prefix_path) using defaults
[0.212s] Level 5:colcon.colcon_core.verb:set package 'px4_msgs' build argument 'cmake_args' from command line to 'None'
[0.212s] Level 5:colcon.colcon_core.verb:set package 'px4_msgs' build argument 'cmake_target' from command line to 'None'
[0.212s] Level 5:colcon.colcon_core.verb:set package 'px4_msgs' build argument 'cmake_target_skip_unavailable' from command line to 'False'
[0.212s] Level 5:colcon.colcon_core.verb:set package 'px4_msgs' build argument 'cmake_clean_cache' from command line to 'False'
[0.212s] Level 5:colcon.colcon_core.verb:set package 'px4_msgs' build argument 'cmake_clean_first' from command line to 'False'
[0.212s] Level 5:colcon.colcon_core.verb:set package 'px4_msgs' build argument 'cmake_force_configure' from command line to 'False'
[0.212s] Level 5:colcon.colcon_core.verb:set package 'px4_msgs' build argument 'ament_cmake_args' from command line to 'None'
[0.212s] Level 5:colcon.colcon_core.verb:set package 'px4_msgs' build argument 'catkin_cmake_args' from command line to 'None'
[0.212s] Level 5:colcon.colcon_core.verb:set package 'px4_msgs' build argument 'catkin_skip_building_tests' from command line to 'False'
[0.212s] DEBUG:colcon.colcon_core.verb:Building package 'px4_msgs' with the following arguments: {'ament_cmake_args': None, 'build_base': '/home/maxim/super_ws/build/px4_msgs', 'catkin_cmake_args': None, 'catkin_skip_building_tests': False, 'cmake_args': None, 'cmake_clean_cache': False, 'cmake_clean_first': False, 'cmake_force_configure': False, 'cmake_target': None, 'cmake_target_skip_unavailable': False, 'install_base': '/home/maxim/super_ws/install/px4_msgs', 'merge_install': False, 'path': '/home/maxim/super_ws/src/px4_msgs', 'symlink_install': True, 'test_result_base': None}
[0.213s] Level 5:colcon.colcon_core.verb:set package 'flight_control_node' build argument 'cmake_args' from command line to 'None'
[0.213s] Level 5:colcon.colcon_core.verb:set package 'flight_control_node' build argument 'cmake_target' from command line to 'None'
[0.213s] Level 5:colcon.colcon_core.verb:set package 'flight_control_node' build argument 'cmake_target_skip_unavailable' from command line to 'False'
[0.213s] Level 5:colcon.colcon_core.verb:set package 'flight_control_node' build argument 'cmake_clean_cache' from command line to 'False'
[0.213s] Level 5:colcon.colcon_core.verb:set package 'flight_control_node' build argument 'cmake_clean_first' from command line to 'False'
[0.213s] Level 5:colcon.colcon_core.verb:set package 'flight_control_node' build argument 'cmake_force_configure' from command line to 'False'
[0.213s] Level 5:colcon.colcon_core.verb:set package 'flight_control_node' build argument 'ament_cmake_args' from command line to 'None'
[0.213s] Level 5:colcon.colcon_core.verb:set package 'flight_control_node' build argument 'catkin_cmake_args' from command line to 'None'
[0.213s] Level 5:colcon.colcon_core.verb:set package 'flight_control_node' build argument 'catkin_skip_building_tests' from command line to 'False'
[0.213s] DEBUG:colcon.colcon_core.verb:Building package 'flight_control_node' with the following arguments: {'ament_cmake_args': None, 'build_base': '/home/maxim/super_ws/build/flight_control_node', 'catkin_cmake_args': None, 'catkin_skip_building_tests': False, 'cmake_args': None, 'cmake_clean_cache': False, 'cmake_clean_first': False, 'cmake_force_configure': False, 'cmake_target': None, 'cmake_target_skip_unavailable': False, 'install_base': '/home/maxim/super_ws/install/flight_control_node', 'merge_install': False, 'path': '/home/maxim/super_ws/src/flight_control_node', 'symlink_install': True, 'test_result_base': None}
[0.213s] INFO:colcon.colcon_core.executor:Executing jobs using 'parallel' executor
[0.214s] DEBUG:colcon.colcon_parallel_executor.executor.parallel:run_until_complete
[0.214s] INFO:colcon.colcon_ros.task.ament_cmake.build:Building ROS package in '/home/maxim/super_ws/src/px4_msgs' with build type 'ament_cmake'
[0.214s] INFO:colcon.colcon_cmake.task.cmake.build:Building CMake package in '/home/maxim/super_ws/src/px4_msgs'
[0.215s] INFO:colcon.colcon_core.plugin_system:Skipping extension 'colcon_core.shell.bat': Not used on non-Windows systems
[0.215s] INFO:colcon.colcon_core.shell:Skip shell extension 'powershell' for command environment: Not usable outside of PowerShell
[0.215s] DEBUG:colcon.colcon_core.shell:Skip shell extension 'dsv' for command environment
[0.221s] DEBUG:colcon.colcon_core.event_handler.log_command:Invoking command in '/home/maxim/super_ws/build/px4_msgs': CMAKE_PREFIX_PATH=${CMAKE_PREFIX_PATH}:/opt/ros/jazzy DEBUGINFOD_URLS=https://debuginfod.ubuntu.com PS1=(.local) \[\e]0;\u@\h: \w\a\]${debian_chroot:+($debian_chroot)}\[\033[01;35m\]\u@\h\[\033[00m\]:\[\033[01;34m\]\w\[\033[00m\]\$ VIRTUAL_ENV_PROMPT=(.local) /usr/bin/cmake /home/maxim/super_ws/src/px4_msgs -DAMENT_CMAKE_SYMLINK_INSTALL=1 -DCMAKE_INSTALL_PREFIX=/home/maxim/super_ws/install/px4_msgs
[4.669s] DEBUG:colcon.colcon_core.event_handler.log_command:Invoked command in '/home/maxim/super_ws/build/px4_msgs' returned '0': CMAKE_PREFIX_PATH=${CMAKE_PREFIX_PATH}:/opt/ros/jazzy DEBUGINFOD_URLS=https://debuginfod.ubuntu.com PS1=(.local) \[\e]0;\u@\h: \w\a\]${debian_chroot:+($debian_chroot)}\[\033[01;35m\]\u@\h\[\033[00m\]:\[\033[01;34m\]\w\[\033[00m\]\$ VIRTUAL_ENV_PROMPT=(.local) /usr/bin/cmake /home/maxim/super_ws/src/px4_msgs -DAMENT_CMAKE_SYMLINK_INSTALL=1 -DCMAKE_INSTALL_PREFIX=/home/maxim/super_ws/install/px4_msgs
[4.670s] DEBUG:colcon.colcon_core.event_handler.log_command:Invoking command in '/home/maxim/super_ws/build/px4_msgs': CMAKE_PREFIX_PATH=${CMAKE_PREFIX_PATH}:/opt/ros/jazzy DEBUGINFOD_URLS=https://debuginfod.ubuntu.com PS1=(.local) \[\e]0;\u@\h: \w\a\]${debian_chroot:+($debian_chroot)}\[\033[01;35m\]\u@\h\[\033[00m\]:\[\033[01;34m\]\w\[\033[00m\]\$ VIRTUAL_ENV_PROMPT=(.local) /usr/bin/cmake --build /home/maxim/super_ws/build/px4_msgs -- -j8 -l8
[264.881s] DEBUG:colcon.colcon_core.event_handler.log_command:Invoked command in '/home/maxim/super_ws/build/px4_msgs' returned '0': CMAKE_PREFIX_PATH=${CMAKE_PREFIX_PATH}:/opt/ros/jazzy DEBUGINFOD_URLS=https://debuginfod.ubuntu.com PS1=(.local) \[\e]0;\u@\h: \w\a\]${debian_chroot:+($debian_chroot)}\[\033[01;35m\]\u@\h\[\033[00m\]:\[\033[01;34m\]\w\[\033[00m\]\$ VIRTUAL_ENV_PROMPT=(.local) /usr/bin/cmake --build /home/maxim/super_ws/build/px4_msgs -- -j8 -l8
[264.888s] DEBUG:colcon.colcon_core.event_handler.log_command:Invoking command in '/home/maxim/super_ws/build/px4_msgs': CMAKE_PREFIX_PATH=${CMAKE_PREFIX_PATH}:/opt/ros/jazzy DEBUGINFOD_URLS=https://debuginfod.ubuntu.com PS1=(.local) \[\e]0;\u@\h: \w\a\]${debian_chroot:+($debian_chroot)}\[\033[01;35m\]\u@\h\[\033[00m\]:\[\033[01;34m\]\w\[\033[00m\]\$ VIRTUAL_ENV_PROMPT=(.local) /usr/bin/cmake --install /home/maxim/super_ws/build/px4_msgs
[297.789s] Level 1:colcon.colcon_core.environment:create_environment_scripts_only(px4_msgs)
[297.789s] DEBUG:colcon.colcon_core.event_handler.log_command:Invoked command in '/home/maxim/super_ws/build/px4_msgs' returned '0': CMAKE_PREFIX_PATH=${CMAKE_PREFIX_PATH}:/opt/ros/jazzy DEBUGINFOD_URLS=https://debuginfod.ubuntu.com PS1=(.local) \[\e]0;\u@\h: \w\a\]${debian_chroot:+($debian_chroot)}\[\033[01;35m\]\u@\h\[\033[00m\]:\[\033[01;34m\]\w\[\033[00m\]\$ VIRTUAL_ENV_PROMPT=(.local) /usr/bin/cmake --install /home/maxim/super_ws/build/px4_msgs
[297.791s] Level 1:colcon.colcon_core.environment:checking '/home/maxim/super_ws/install/px4_msgs' for CMake module files
[297.791s] Level 1:colcon.colcon_core.environment:checking '/home/maxim/super_ws/install/px4_msgs' for CMake config files
[297.809s] Level 1:colcon.colcon_core.shell:create_environment_hook('px4_msgs', 'cmake_prefix_path')
[297.809s] INFO:colcon.colcon_core.shell:Creating environment hook '/home/maxim/super_ws/install/px4_msgs/share/px4_msgs/hook/cmake_prefix_path.ps1'
[297.810s] INFO:colcon.colcon_core.shell:Creating environment descriptor '/home/maxim/super_ws/install/px4_msgs/share/px4_msgs/hook/cmake_prefix_path.dsv'
[297.810s] INFO:colcon.colcon_core.shell:Creating environment hook '/home/maxim/super_ws/install/px4_msgs/share/px4_msgs/hook/cmake_prefix_path.sh'
[297.811s] Level 1:colcon.colcon_core.environment:checking '/home/maxim/super_ws/install/px4_msgs/lib'
[297.811s] Level 1:colcon.colcon_core.shell:create_environment_hook('px4_msgs', 'ld_library_path_lib')
[297.811s] INFO:colcon.colcon_core.shell:Creating environment hook '/home/maxim/super_ws/install/px4_msgs/share/px4_msgs/hook/ld_library_path_lib.ps1'
[297.811s] INFO:colcon.colcon_core.shell:Creating environment descriptor '/home/maxim/super_ws/install/px4_msgs/share/px4_msgs/hook/ld_library_path_lib.dsv'
[297.811s] INFO:colcon.colcon_core.shell:Creating environment hook '/home/maxim/super_ws/install/px4_msgs/share/px4_msgs/hook/ld_library_path_lib.sh'
[297.812s] Level 1:colcon.colcon_core.environment:checking '/home/maxim/super_ws/install/px4_msgs/bin'
[297.812s] Level 1:colcon.colcon_core.environment:checking '/home/maxim/super_ws/install/px4_msgs/lib/pkgconfig/px4_msgs.pc'
[297.812s] Level 1:colcon.colcon_core.environment:checking '/home/maxim/super_ws/install/px4_msgs/lib/python3.12/site-packages'
[297.812s] Level 1:colcon.colcon_core.shell:create_environment_hook('px4_msgs', 'pythonpath')
[297.812s] INFO:colcon.colcon_core.shell:Creating environment hook '/home/maxim/super_ws/install/px4_msgs/share/px4_msgs/hook/pythonpath.ps1'
[297.812s] INFO:colcon.colcon_core.shell:Creating environment descriptor '/home/maxim/super_ws/install/px4_msgs/share/px4_msgs/hook/pythonpath.dsv'
[297.812s] INFO:colcon.colcon_core.shell:Creating environment hook '/home/maxim/super_ws/install/px4_msgs/share/px4_msgs/hook/pythonpath.sh'
[297.813s] Level 1:colcon.colcon_core.environment:checking '/home/maxim/super_ws/install/px4_msgs/bin'
[297.813s] INFO:colcon.colcon_core.shell:Creating package script '/home/maxim/super_ws/install/px4_msgs/share/px4_msgs/package.ps1'
[297.814s] INFO:colcon.colcon_core.shell:Creating package descriptor '/home/maxim/super_ws/install/px4_msgs/share/px4_msgs/package.dsv'
[297.814s] INFO:colcon.colcon_core.shell:Creating package script '/home/maxim/super_ws/install/px4_msgs/share/px4_msgs/package.sh'
[297.815s] INFO:colcon.colcon_core.shell:Creating package script '/home/maxim/super_ws/install/px4_msgs/share/px4_msgs/package.bash'
[297.815s] INFO:colcon.colcon_core.shell:Creating package script '/home/maxim/super_ws/install/px4_msgs/share/px4_msgs/package.zsh'
[297.815s] Level 1:colcon.colcon_core.environment:create_file_with_runtime_dependencies(/home/maxim/super_ws/install/px4_msgs/share/colcon-core/packages/px4_msgs)
[297.816s] Level 1:colcon.colcon_core.environment:create_environment_scripts_only(px4_msgs)
[297.816s] Level 1:colcon.colcon_core.environment:checking '/home/maxim/super_ws/install/px4_msgs' for CMake module files
[297.817s] Level 1:colcon.colcon_core.environment:checking '/home/maxim/super_ws/install/px4_msgs' for CMake config files
[297.833s] Level 1:colcon.colcon_core.shell:create_environment_hook('px4_msgs', 'cmake_prefix_path')
[297.833s] INFO:colcon.colcon_core.shell:Creating environment hook '/home/maxim/super_ws/install/px4_msgs/share/px4_msgs/hook/cmake_prefix_path.ps1'
[297.833s] INFO:colcon.colcon_core.shell:Creating environment descriptor '/home/maxim/super_ws/install/px4_msgs/share/px4_msgs/hook/cmake_prefix_path.dsv'
[297.833s] INFO:colcon.colcon_core.shell:Creating environment hook '/home/maxim/super_ws/install/px4_msgs/share/px4_msgs/hook/cmake_prefix_path.sh'
[297.834s] Level 1:colcon.colcon_core.environment:checking '/home/maxim/super_ws/install/px4_msgs/lib'
[297.834s] Level 1:colcon.colcon_core.shell:create_environment_hook('px4_msgs', 'ld_library_path_lib')
[297.834s] INFO:colcon.colcon_core.shell:Creating environment hook '/home/maxim/super_ws/install/px4_msgs/share/px4_msgs/hook/ld_library_path_lib.ps1'
[297.834s] INFO:colcon.colcon_core.shell:Creating environment descriptor '/home/maxim/super_ws/install/px4_msgs/share/px4_msgs/hook/ld_library_path_lib.dsv'
[297.835s] INFO:colcon.colcon_core.shell:Creating environment hook '/home/maxim/super_ws/install/px4_msgs/share/px4_msgs/hook/ld_library_path_lib.sh'
[297.835s] Level 1:colcon.colcon_core.environment:checking '/home/maxim/super_ws/install/px4_msgs/bin'
[297.835s] Level 1:colcon.colcon_core.environment:checking '/home/maxim/super_ws/install/px4_msgs/lib/pkgconfig/px4_msgs.pc'
[297.835s] Level 1:colcon.colcon_core.environment:checking '/home/maxim/super_ws/install/px4_msgs/lib/python3.12/site-packages'
[297.835s] Level 1:colcon.colcon_core.shell:create_environment_hook('px4_msgs', 'pythonpath')
[297.835s] INFO:colcon.colcon_core.shell:Creating environment hook '/home/maxim/super_ws/install/px4_msgs/share/px4_msgs/hook/pythonpath.ps1'
[297.835s] INFO:colcon.colcon_core.shell:Creating environment descriptor '/home/maxim/super_ws/install/px4_msgs/share/px4_msgs/hook/pythonpath.dsv'
[297.836s] INFO:colcon.colcon_core.shell:Creating environment hook '/home/maxim/super_ws/install/px4_msgs/share/px4_msgs/hook/pythonpath.sh'
[297.836s] Level 1:colcon.colcon_core.environment:checking '/home/maxim/super_ws/install/px4_msgs/bin'
[297.837s] INFO:colcon.colcon_core.shell:Creating package script '/home/maxim/super_ws/install/px4_msgs/share/px4_msgs/package.ps1'
[297.837s] INFO:colcon.colcon_core.shell:Creating package descriptor '/home/maxim/super_ws/install/px4_msgs/share/px4_msgs/package.dsv'
[297.837s] INFO:colcon.colcon_core.shell:Creating package script '/home/maxim/super_ws/install/px4_msgs/share/px4_msgs/package.sh'
[297.838s] INFO:colcon.colcon_core.shell:Creating package script '/home/maxim/super_ws/install/px4_msgs/share/px4_msgs/package.bash'
[297.838s] INFO:colcon.colcon_core.shell:Creating package script '/home/maxim/super_ws/install/px4_msgs/share/px4_msgs/package.zsh'
[297.838s] Level 1:colcon.colcon_core.environment:create_file_with_runtime_dependencies(/home/maxim/super_ws/install/px4_msgs/share/colcon-core/packages/px4_msgs)
[297.839s] INFO:colcon.colcon_ros.task.ament_python.build:Building ROS package in '/home/maxim/super_ws/src/flight_control_node' with build type 'ament_python'
[297.839s] Level 1:colcon.colcon_core.shell:create_environment_hook('flight_control_node', 'ament_prefix_path')
[297.839s] INFO:colcon.colcon_core.shell:Creating environment hook '/home/maxim/super_ws/install/flight_control_node/share/flight_control_node/hook/ament_prefix_path.ps1'
[297.839s] INFO:colcon.colcon_core.shell:Creating environment descriptor '/home/maxim/super_ws/install/flight_control_node/share/flight_control_node/hook/ament_prefix_path.dsv'
[297.840s] INFO:colcon.colcon_core.shell:Creating environment hook '/home/maxim/super_ws/install/flight_control_node/share/flight_control_node/hook/ament_prefix_path.sh'
[297.840s] INFO:colcon.colcon_core.shell:Skip shell extension 'powershell' for command environment: Not usable outside of PowerShell
[297.840s] DEBUG:colcon.colcon_core.shell:Skip shell extension 'dsv' for command environment
[298.053s] INFO:colcon.colcon_core.task.python.build:Building Python package in '/home/maxim/super_ws/src/flight_control_node'
[298.053s] INFO:colcon.colcon_core.shell:Skip shell extension 'powershell' for command environment: Not usable outside of PowerShell
[298.054s] DEBUG:colcon.colcon_core.shell:Skip shell extension 'dsv' for command environment
[298.547s] DEBUG:colcon.colcon_core.event_handler.log_command:Invoking command in '/home/maxim/super_ws/build/flight_control_node': AMENT_PREFIX_PATH=/home/maxim/super_ws/install/px4_msgs:${AMENT_PREFIX_PATH} CMAKE_PREFIX_PATH=/home/maxim/super_ws/install/px4_msgs:${CMAKE_PREFIX_PATH} DEBUGINFOD_URLS=https://debuginfod.ubuntu.com LD_LIBRARY_PATH=/home/maxim/super_ws/install/px4_msgs/lib:${LD_LIBRARY_PATH} PS1=(.local) \[\e]0;\u@\h: \w\a\]${debian_chroot:+($debian_chroot)}\[\033[01;35m\]\u@\h\[\033[00m\]:\[\033[01;34m\]\w\[\033[00m\]\$ PYTHONPATH=/home/maxim/super_ws/build/flight_control_node/prefix_override:/usr/lib/python3/dist-packages/colcon_core/task/python/colcon_distutils_commands:/home/maxim/super_ws/install/flight_control_node/lib/python3.12/site-packages:/home/maxim/super_ws/install/px4_msgs/lib/python3.12/site-packages:${PYTHONPATH} VIRTUAL_ENV_PROMPT=(.local) /usr/bin/python3 -W ignore:setup.py install is deprecated -W ignore:easy_install command is deprecated setup.py develop --editable --build-directory /home/maxim/super_ws/build/flight_control_node/build --no-deps symlink_data
[299.137s] Level 1:colcon.colcon_core.shell:create_environment_hook('flight_control_node', 'pythonpath_develop')
[299.137s] INFO:colcon.colcon_core.shell:Creating environment hook '/home/maxim/super_ws/build/flight_control_node/share/flight_control_node/hook/pythonpath_develop.ps1'
[299.137s] DEBUG:colcon.colcon_core.event_handler.log_command:Invoked command in '/home/maxim/super_ws/build/flight_control_node' returned '0': AMENT_PREFIX_PATH=/home/maxim/super_ws/install/px4_msgs:${AMENT_PREFIX_PATH} CMAKE_PREFIX_PATH=/home/maxim/super_ws/install/px4_msgs:${CMAKE_PREFIX_PATH} DEBUGINFOD_URLS=https://debuginfod.ubuntu.com LD_LIBRARY_PATH=/home/maxim/super_ws/install/px4_msgs/lib:${LD_LIBRARY_PATH} PS1=(.local) \[\e]0;\u@\h: \w\a\]${debian_chroot:+($debian_chroot)}\[\033[01;35m\]\u@\h\[\033[00m\]:\[\033[01;34m\]\w\[\033[00m\]\$ PYTHONPATH=/home/maxim/super_ws/build/flight_control_node/prefix_override:/usr/lib/python3/dist-packages/colcon_core/task/python/colcon_distutils_commands:/home/maxim/super_ws/install/flight_control_node/lib/python3.12/site-packages:/home/maxim/super_ws/install/px4_msgs/lib/python3.12/site-packages:${PYTHONPATH} VIRTUAL_ENV_PROMPT=(.local) /usr/bin/python3 -W ignore:setup.py install is deprecated -W ignore:easy_install command is deprecated setup.py develop --editable --build-directory /home/maxim/super_ws/build/flight_control_node/build --no-deps symlink_data
[299.138s] INFO:colcon.colcon_core.shell:Creating environment descriptor '/home/maxim/super_ws/build/flight_control_node/share/flight_control_node/hook/pythonpath_develop.dsv'
[299.138s] INFO:colcon.colcon_core.shell:Creating environment hook '/home/maxim/super_ws/build/flight_control_node/share/flight_control_node/hook/pythonpath_develop.sh'
[299.138s] Level 1:colcon.colcon_core.environment:checking '/home/maxim/super_ws/install/flight_control_node' for CMake module files
[299.138s] Level 1:colcon.colcon_core.environment:checking '/home/maxim/super_ws/install/flight_control_node' for CMake config files
[299.139s] Level 1:colcon.colcon_core.environment:checking '/home/maxim/super_ws/install/flight_control_node/lib'
[299.139s] Level 1:colcon.colcon_core.environment:checking '/home/maxim/super_ws/install/flight_control_node/bin'
[299.139s] Level 1:colcon.colcon_core.environment:checking '/home/maxim/super_ws/install/flight_control_node/lib/pkgconfig/flight_control_node.pc'
[299.139s] Level 1:colcon.colcon_core.environment:checking '/home/maxim/super_ws/install/flight_control_node/lib/python3.12/site-packages'
[299.139s] Level 1:colcon.colcon_core.shell:create_environment_hook('flight_control_node', 'pythonpath')
[299.139s] INFO:colcon.colcon_core.shell:Creating environment hook '/home/maxim/super_ws/install/flight_control_node/share/flight_control_node/hook/pythonpath.ps1'
[299.140s] INFO:colcon.colcon_core.shell:Creating environment descriptor '/home/maxim/super_ws/install/flight_control_node/share/flight_control_node/hook/pythonpath.dsv'
[299.140s] INFO:colcon.colcon_core.shell:Creating environment hook '/home/maxim/super_ws/install/flight_control_node/share/flight_control_node/hook/pythonpath.sh'
[299.140s] Level 1:colcon.colcon_core.environment:checking '/home/maxim/super_ws/install/flight_control_node/bin'
[299.140s] Level 1:colcon.colcon_core.environment:create_environment_scripts_only(flight_control_node)
[299.140s] INFO:colcon.colcon_core.shell:Creating package script '/home/maxim/super_ws/install/flight_control_node/share/flight_control_node/package.ps1'
[299.141s] INFO:colcon.colcon_core.shell:Creating package descriptor '/home/maxim/super_ws/install/flight_control_node/share/flight_control_node/package.dsv'
[299.141s] INFO:colcon.colcon_core.shell:Creating package script '/home/maxim/super_ws/install/flight_control_node/share/flight_control_node/package.sh'
[299.142s] INFO:colcon.colcon_core.shell:Creating package script '/home/maxim/super_ws/install/flight_control_node/share/flight_control_node/package.bash'
[299.142s] INFO:colcon.colcon_core.shell:Creating package script '/home/maxim/super_ws/install/flight_control_node/share/flight_control_node/package.zsh'
[299.142s] Level 1:colcon.colcon_core.environment:create_file_with_runtime_dependencies(/home/maxim/super_ws/install/flight_control_node/share/colcon-core/packages/flight_control_node)
[299.142s] DEBUG:colcon.colcon_parallel_executor.executor.parallel:closing loop
[299.142s] DEBUG:colcon.colcon_parallel_executor.executor.parallel:loop closed
[299.142s] DEBUG:colcon.colcon_parallel_executor.executor.parallel:run_until_complete finished with '0'
[299.142s] DEBUG:colcon.colcon_core.event_reactor:joining thread
[299.147s] INFO:colcon.colcon_core.plugin_system:Skipping extension 'colcon_notification.desktop_notification.terminal_notifier': Not used on non-Darwin systems
[299.147s] INFO:colcon.colcon_core.plugin_system:Skipping extension 'colcon_notification.desktop_notification.win32': Not used on non-Windows systems
[299.147s] INFO:colcon.colcon_notification.desktop_notification:Sending desktop notification using 'notify2'
[299.157s] DEBUG:colcon.colcon_core.event_reactor:joined thread
[299.157s] INFO:colcon.colcon_core.shell:Creating prefix script '/home/maxim/super_ws/install/local_setup.ps1'
[299.158s] INFO:colcon.colcon_core.shell:Creating prefix util module '/home/maxim/super_ws/install/_local_setup_util_ps1.py'
[299.159s] INFO:colcon.colcon_core.shell:Creating prefix chain script '/home/maxim/super_ws/install/setup.ps1'
[299.159s] INFO:colcon.colcon_core.shell:Creating prefix script '/home/maxim/super_ws/install/local_setup.sh'
[299.160s] INFO:colcon.colcon_core.shell:Creating prefix util module '/home/maxim/super_ws/install/_local_setup_util_sh.py'
[299.160s] INFO:colcon.colcon_core.shell:Creating prefix chain script '/home/maxim/super_ws/install/setup.sh'
[299.161s] INFO:colcon.colcon_core.shell:Creating prefix script '/home/maxim/super_ws/install/local_setup.bash'
[299.161s] INFO:colcon.colcon_core.shell:Creating prefix chain script '/home/maxim/super_ws/install/setup.bash'
[299.162s] INFO:colcon.colcon_core.shell:Creating prefix script '/home/maxim/super_ws/install/local_setup.zsh'
[299.162s] INFO:colcon.colcon_core.shell:Creating prefix chain script '/home/maxim/super_ws/install/setup.zsh'
