[0.129s] DEBUG:colcon:Command line arguments: ['/usr/bin/colcon', 'build', '--symlink-install']
[0.129s] DEBUG:colcon:Parsed command line arguments: Namespace(log_base=None, log_level=None, verb_name='build', build_base='build', install_base='install', merge_install=False, symlink_install=True, test_result_base=None, continue_on_error=False, executor='parallel', parallel_workers=8, event_handlers=None, ignore_user_meta=False, metas=['./colcon.meta'], base_paths=['.'], packages_ignore=None, packages_ignore_regex=None, paths=None, packages_up_to=None, packages_up_to_regex=None, packages_above=None, packages_above_and_dependencies=None, packages_above_depth=None, packages_select_by_dep=None, packages_skip_by_dep=None, packages_skip_up_to=None, packages_select_build_failed=False, packages_skip_build_finished=False, packages_select_test_failures=False, packages_skip_test_passed=False, packages_select=None, packages_skip=None, packages_select_regex=None, packages_skip_regex=None, packages_start=None, packages_end=None, allow_overriding=[], cmake_args=None, cmake_target=None, cmake_target_skip_unavailable=False, cmake_clean_cache=False, cmake_clean_first=False, cmake_force_configure=False, ament_cmake_args=None, catkin_cmake_args=None, catkin_skip_building_tests=False, mixin_files=None, mixin=None, verb_parser=<colcon_mixin.mixin.mixin_argument.MixinArgumentDecorator object at 0x757dcb866ea0>, verb_extension=<colcon_core.verb.build.BuildVerb object at 0x757dcb98a870>, main=<bound method BuildVerb.main of <colcon_core.verb.build.BuildVerb object at 0x757dcb98a870>>, mixin_verb=('build',))
[0.180s] Level 1:colcon.colcon_core.package_discovery:discover_packages(colcon_meta) check parameters
[0.181s] Level 1:colcon.colcon_core.package_discovery:discover_packages(recursive) check parameters
[0.181s] Level 1:colcon.colcon_core.package_discovery:discover_packages(ignore) check parameters
[0.181s] Level 1:colcon.colcon_core.package_discovery:discover_packages(path) check parameters
[0.181s] Level 1:colcon.colcon_core.package_discovery:discover_packages(colcon_meta) discover
[0.181s] Level 1:colcon.colcon_core.package_discovery:discover_packages(recursive) discover
[0.181s] INFO:colcon.colcon_core.package_discovery:Crawling recursively for packages in '/home/maxim/super_ws'
[0.181s] Level 1:colcon.colcon_core.package_identification:_identify(.) by extensions ['ignore', 'ignore_ament_install']
[0.181s] Level 1:colcon.colcon_core.package_identification:_identify(.) by extension 'ignore'
[0.181s] Level 1:colcon.colcon_core.package_identification:_identify(.) by extension 'ignore_ament_install'
[0.181s] Level 1:colcon.colcon_core.package_identification:_identify(.) by extensions ['colcon_pkg']
[0.181s] Level 1:colcon.colcon_core.package_identification:_identify(.) by extension 'colcon_pkg'
[0.181s] Level 1:colcon.colcon_core.package_identification:_identify(.) by extensions ['colcon_meta']
[0.181s] Level 1:colcon.colcon_core.package_identification:_identify(.) by extension 'colcon_meta'
[0.181s] Level 1:colcon.colcon_core.package_identification:_identify(.) by extensions ['ros']
[0.181s] Level 1:colcon.colcon_core.package_identification:_identify(.) by extension 'ros'
[0.206s] Level 1:colcon.colcon_core.package_identification:_identify(.) by extensions ['cmake', 'python']
[0.206s] Level 1:colcon.colcon_core.package_identification:_identify(.) by extension 'cmake'
[0.206s] Level 1:colcon.colcon_core.package_identification:_identify(.) by extension 'python'
[0.206s] Level 1:colcon.colcon_core.package_identification:_identify(.) by extensions ['python_setup_py']
[0.206s] Level 1:colcon.colcon_core.package_identification:_identify(.) by extension 'python_setup_py'
[0.206s] Level 1:colcon.colcon_core.package_identification:_identify(build) by extensions ['ignore', 'ignore_ament_install']
[0.206s] Level 1:colcon.colcon_core.package_identification:_identify(build) by extension 'ignore'
[0.206s] Level 1:colcon.colcon_core.package_identification:_identify(build) ignored
[0.206s] Level 1:colcon.colcon_core.package_identification:_identify(install) by extensions ['ignore', 'ignore_ament_install']
[0.206s] Level 1:colcon.colcon_core.package_identification:_identify(install) by extension 'ignore'
[0.206s] Level 1:colcon.colcon_core.package_identification:_identify(install) ignored
[0.206s] Level 1:colcon.colcon_core.package_identification:_identify(log) by extensions ['ignore', 'ignore_ament_install']
[0.206s] Level 1:colcon.colcon_core.package_identification:_identify(log) by extension 'ignore'
[0.207s] Level 1:colcon.colcon_core.package_identification:_identify(log) ignored
[0.207s] Level 1:colcon.colcon_core.package_identification:_identify(src) by extensions ['ignore', 'ignore_ament_install']
[0.207s] Level 1:colcon.colcon_core.package_identification:_identify(src) by extension 'ignore'
[0.207s] Level 1:colcon.colcon_core.package_identification:_identify(src) by extension 'ignore_ament_install'
[0.207s] Level 1:colcon.colcon_core.package_identification:_identify(src) by extensions ['colcon_pkg']
[0.207s] Level 1:colcon.colcon_core.package_identification:_identify(src) by extension 'colcon_pkg'
[0.207s] Level 1:colcon.colcon_core.package_identification:_identify(src) by extensions ['colcon_meta']
[0.207s] Level 1:colcon.colcon_core.package_identification:_identify(src) by extension 'colcon_meta'
[0.207s] Level 1:colcon.colcon_core.package_identification:_identify(src) by extensions ['ros']
[0.207s] Level 1:colcon.colcon_core.package_identification:_identify(src) by extension 'ros'
[0.207s] Level 1:colcon.colcon_core.package_identification:_identify(src) by extensions ['cmake', 'python']
[0.207s] Level 1:colcon.colcon_core.package_identification:_identify(src) by extension 'cmake'
[0.207s] Level 1:colcon.colcon_core.package_identification:_identify(src) by extension 'python'
[0.208s] Level 1:colcon.colcon_core.package_identification:_identify(src) by extensions ['python_setup_py']
[0.208s] Level 1:colcon.colcon_core.package_identification:_identify(src) by extension 'python_setup_py'
[0.208s] Level 1:colcon.colcon_core.package_identification:_identify(src/flight_control_node) by extensions ['ignore', 'ignore_ament_install']
[0.208s] Level 1:colcon.colcon_core.package_identification:_identify(src/flight_control_node) by extension 'ignore'
[0.208s] Level 1:colcon.colcon_core.package_identification:_identify(src/flight_control_node) by extension 'ignore_ament_install'
[0.208s] Level 1:colcon.colcon_core.package_identification:_identify(src/flight_control_node) by extensions ['colcon_pkg']
[0.208s] Level 1:colcon.colcon_core.package_identification:_identify(src/flight_control_node) by extension 'colcon_pkg'
[0.208s] Level 1:colcon.colcon_core.package_identification:_identify(src/flight_control_node) by extensions ['colcon_meta']
[0.208s] Level 1:colcon.colcon_core.package_identification:_identify(src/flight_control_node) by extension 'colcon_meta'
[0.208s] Level 1:colcon.colcon_core.package_identification:_identify(src/flight_control_node) by extensions ['ros']
[0.208s] Level 1:colcon.colcon_core.package_identification:_identify(src/flight_control_node) by extension 'ros'
[0.210s] DEBUG:colcon.colcon_core.package_identification:Package 'src/flight_control_node' with type 'ros.ament_python' and name 'flight_control_node'
[0.210s] Level 1:colcon.colcon_core.package_identification:_identify(src/px4_msgs) by extensions ['ignore', 'ignore_ament_install']
[0.211s] Level 1:colcon.colcon_core.package_identification:_identify(src/px4_msgs) by extension 'ignore'
[0.211s] Level 1:colcon.colcon_core.package_identification:_identify(src/px4_msgs) by extension 'ignore_ament_install'
[0.211s] Level 1:colcon.colcon_core.package_identification:_identify(src/px4_msgs) by extensions ['colcon_pkg']
[0.211s] Level 1:colcon.colcon_core.package_identification:_identify(src/px4_msgs) by extension 'colcon_pkg'
[0.211s] Level 1:colcon.colcon_core.package_identification:_identify(src/px4_msgs) by extensions ['colcon_meta']
[0.211s] Level 1:colcon.colcon_core.package_identification:_identify(src/px4_msgs) by extension 'colcon_meta'
[0.211s] Level 1:colcon.colcon_core.package_identification:_identify(src/px4_msgs) by extensions ['ros']
[0.211s] Level 1:colcon.colcon_core.package_identification:_identify(src/px4_msgs) by extension 'ros'
[0.212s] DEBUG:colcon.colcon_core.package_identification:Package 'src/px4_msgs' with type 'ros.ament_cmake' and name 'px4_msgs'
[0.212s] Level 1:colcon.colcon_core.package_discovery:discover_packages(recursive) using defaults
[0.212s] Level 1:colcon.colcon_core.package_discovery:discover_packages(ignore) discover
[0.212s] Level 1:colcon.colcon_core.package_discovery:discover_packages(ignore) using defaults
[0.212s] Level 1:colcon.colcon_core.package_discovery:discover_packages(path) discover
[0.212s] Level 1:colcon.colcon_core.package_discovery:discover_packages(path) using defaults
[0.230s] Level 1:colcon.colcon_core.package_discovery:discover_packages(prefix_path) check parameters
[0.230s] Level 1:colcon.colcon_core.package_discovery:discover_packages(prefix_path) discover
[0.231s] Level 1:colcon.colcon_core.package_discovery:discover_packages(prefix_path) using defaults
[0.232s] Level 5:colcon.colcon_core.verb:set package 'px4_msgs' build argument 'cmake_args' from command line to 'None'
[0.232s] Level 5:colcon.colcon_core.verb:set package 'px4_msgs' build argument 'cmake_target' from command line to 'None'
[0.232s] Level 5:colcon.colcon_core.verb:set package 'px4_msgs' build argument 'cmake_target_skip_unavailable' from command line to 'False'
[0.232s] Level 5:colcon.colcon_core.verb:set package 'px4_msgs' build argument 'cmake_clean_cache' from command line to 'False'
[0.232s] Level 5:colcon.colcon_core.verb:set package 'px4_msgs' build argument 'cmake_clean_first' from command line to 'False'
[0.232s] Level 5:colcon.colcon_core.verb:set package 'px4_msgs' build argument 'cmake_force_configure' from command line to 'False'
[0.232s] Level 5:colcon.colcon_core.verb:set package 'px4_msgs' build argument 'ament_cmake_args' from command line to 'None'
[0.232s] Level 5:colcon.colcon_core.verb:set package 'px4_msgs' build argument 'catkin_cmake_args' from command line to 'None'
[0.232s] Level 5:colcon.colcon_core.verb:set package 'px4_msgs' build argument 'catkin_skip_building_tests' from command line to 'False'
[0.232s] DEBUG:colcon.colcon_core.verb:Building package 'px4_msgs' with the following arguments: {'ament_cmake_args': None, 'build_base': '/home/maxim/super_ws/build/px4_msgs', 'catkin_cmake_args': None, 'catkin_skip_building_tests': False, 'cmake_args': None, 'cmake_clean_cache': False, 'cmake_clean_first': False, 'cmake_force_configure': False, 'cmake_target': None, 'cmake_target_skip_unavailable': False, 'install_base': '/home/maxim/super_ws/install/px4_msgs', 'merge_install': False, 'path': '/home/maxim/super_ws/src/px4_msgs', 'symlink_install': True, 'test_result_base': None}
[0.232s] Level 5:colcon.colcon_core.verb:set package 'flight_control_node' build argument 'cmake_args' from command line to 'None'
[0.232s] Level 5:colcon.colcon_core.verb:set package 'flight_control_node' build argument 'cmake_target' from command line to 'None'
[0.232s] Level 5:colcon.colcon_core.verb:set package 'flight_control_node' build argument 'cmake_target_skip_unavailable' from command line to 'False'
[0.232s] Level 5:colcon.colcon_core.verb:set package 'flight_control_node' build argument 'cmake_clean_cache' from command line to 'False'
[0.232s] Level 5:colcon.colcon_core.verb:set package 'flight_control_node' build argument 'cmake_clean_first' from command line to 'False'
[0.232s] Level 5:colcon.colcon_core.verb:set package 'flight_control_node' build argument 'cmake_force_configure' from command line to 'False'
[0.232s] Level 5:colcon.colcon_core.verb:set package 'flight_control_node' build argument 'ament_cmake_args' from command line to 'None'
[0.232s] Level 5:colcon.colcon_core.verb:set package 'flight_control_node' build argument 'catkin_cmake_args' from command line to 'None'
[0.232s] Level 5:colcon.colcon_core.verb:set package 'flight_control_node' build argument 'catkin_skip_building_tests' from command line to 'False'
[0.232s] DEBUG:colcon.colcon_core.verb:Building package 'flight_control_node' with the following arguments: {'ament_cmake_args': None, 'build_base': '/home/maxim/super_ws/build/flight_control_node', 'catkin_cmake_args': None, 'catkin_skip_building_tests': False, 'cmake_args': None, 'cmake_clean_cache': False, 'cmake_clean_first': False, 'cmake_force_configure': False, 'cmake_target': None, 'cmake_target_skip_unavailable': False, 'install_base': '/home/maxim/super_ws/install/flight_control_node', 'merge_install': False, 'path': '/home/maxim/super_ws/src/flight_control_node', 'symlink_install': True, 'test_result_base': None}
[0.232s] INFO:colcon.colcon_core.executor:Executing jobs using 'parallel' executor
[0.233s] DEBUG:colcon.colcon_parallel_executor.executor.parallel:run_until_complete
[0.233s] INFO:colcon.colcon_ros.task.ament_cmake.build:Building ROS package in '/home/maxim/super_ws/src/px4_msgs' with build type 'ament_cmake'
[0.233s] INFO:colcon.colcon_cmake.task.cmake.build:Building CMake package in '/home/maxim/super_ws/src/px4_msgs'
[0.236s] INFO:colcon.colcon_core.plugin_system:Skipping extension 'colcon_core.shell.bat': Not used on non-Windows systems
[0.236s] INFO:colcon.colcon_core.shell:Skip shell extension 'powershell' for command environment: Not usable outside of PowerShell
[0.236s] DEBUG:colcon.colcon_core.shell:Skip shell extension 'dsv' for command environment
[0.241s] DEBUG:colcon.colcon_core.event_handler.log_command:Invoking command in '/home/maxim/super_ws/build/px4_msgs': DEBUGINFOD_URLS=https://debuginfod.ubuntu.com PS1=(.local) \[\e]0;\u@\h: \w\a\]${debian_chroot:+($debian_chroot)}\[\033[01;35m\]\u@\h\[\033[00m\]:\[\033[01;34m\]\w\[\033[00m\]\$ VIRTUAL_ENV_PROMPT=(.local) /usr/bin/cmake --build /home/maxim/super_ws/build/px4_msgs -- -j8 -l8
[2.075s] DEBUG:colcon.colcon_core.event_handler.log_command:Invoked command in '/home/maxim/super_ws/build/px4_msgs' returned '0': DEBUGINFOD_URLS=https://debuginfod.ubuntu.com PS1=(.local) \[\e]0;\u@\h: \w\a\]${debian_chroot:+($debian_chroot)}\[\033[01;35m\]\u@\h\[\033[00m\]:\[\033[01;34m\]\w\[\033[00m\]\$ VIRTUAL_ENV_PROMPT=(.local) /usr/bin/cmake --build /home/maxim/super_ws/build/px4_msgs -- -j8 -l8
[2.083s] DEBUG:colcon.colcon_core.event_handler.log_command:Invoking command in '/home/maxim/super_ws/build/px4_msgs': DEBUGINFOD_URLS=https://debuginfod.ubuntu.com PS1=(.local) \[\e]0;\u@\h: \w\a\]${debian_chroot:+($debian_chroot)}\[\033[01;35m\]\u@\h\[\033[00m\]:\[\033[01;34m\]\w\[\033[00m\]\$ VIRTUAL_ENV_PROMPT=(.local) /usr/bin/cmake --install /home/maxim/super_ws/build/px4_msgs
[2.939s] Level 1:colcon.colcon_core.environment:create_environment_scripts_only(px4_msgs)
[2.939s] DEBUG:colcon.colcon_core.event_handler.log_command:Invoked command in '/home/maxim/super_ws/build/px4_msgs' returned '0': DEBUGINFOD_URLS=https://debuginfod.ubuntu.com PS1=(.local) \[\e]0;\u@\h: \w\a\]${debian_chroot:+($debian_chroot)}\[\033[01;35m\]\u@\h\[\033[00m\]:\[\033[01;34m\]\w\[\033[00m\]\$ VIRTUAL_ENV_PROMPT=(.local) /usr/bin/cmake --install /home/maxim/super_ws/build/px4_msgs
[2.943s] Level 1:colcon.colcon_core.environment:checking '/home/maxim/super_ws/install/px4_msgs' for CMake module files
[2.943s] Level 1:colcon.colcon_core.environment:checking '/home/maxim/super_ws/install/px4_msgs' for CMake config files
[2.960s] Level 1:colcon.colcon_core.shell:create_environment_hook('px4_msgs', 'cmake_prefix_path')
[2.960s] INFO:colcon.colcon_core.shell:Creating environment hook '/home/maxim/super_ws/install/px4_msgs/share/px4_msgs/hook/cmake_prefix_path.ps1'
[2.961s] INFO:colcon.colcon_core.shell:Creating environment descriptor '/home/maxim/super_ws/install/px4_msgs/share/px4_msgs/hook/cmake_prefix_path.dsv'
[2.961s] INFO:colcon.colcon_core.shell:Creating environment hook '/home/maxim/super_ws/install/px4_msgs/share/px4_msgs/hook/cmake_prefix_path.sh'
[2.962s] Level 1:colcon.colcon_core.environment:checking '/home/maxim/super_ws/install/px4_msgs/lib'
[2.962s] Level 1:colcon.colcon_core.shell:create_environment_hook('px4_msgs', 'ld_library_path_lib')
[2.962s] INFO:colcon.colcon_core.shell:Creating environment hook '/home/maxim/super_ws/install/px4_msgs/share/px4_msgs/hook/ld_library_path_lib.ps1'
[2.962s] INFO:colcon.colcon_core.shell:Creating environment descriptor '/home/maxim/super_ws/install/px4_msgs/share/px4_msgs/hook/ld_library_path_lib.dsv'
[2.963s] INFO:colcon.colcon_core.shell:Creating environment hook '/home/maxim/super_ws/install/px4_msgs/share/px4_msgs/hook/ld_library_path_lib.sh'
[2.963s] Level 1:colcon.colcon_core.environment:checking '/home/maxim/super_ws/install/px4_msgs/bin'
[2.963s] Level 1:colcon.colcon_core.environment:checking '/home/maxim/super_ws/install/px4_msgs/lib/pkgconfig/px4_msgs.pc'
[2.964s] Level 1:colcon.colcon_core.environment:checking '/home/maxim/super_ws/install/px4_msgs/lib/python3.12/site-packages'
[2.964s] Level 1:colcon.colcon_core.shell:create_environment_hook('px4_msgs', 'pythonpath')
[2.964s] INFO:colcon.colcon_core.shell:Creating environment hook '/home/maxim/super_ws/install/px4_msgs/share/px4_msgs/hook/pythonpath.ps1'
[2.964s] INFO:colcon.colcon_core.shell:Creating environment descriptor '/home/maxim/super_ws/install/px4_msgs/share/px4_msgs/hook/pythonpath.dsv'
[2.965s] INFO:colcon.colcon_core.shell:Creating environment hook '/home/maxim/super_ws/install/px4_msgs/share/px4_msgs/hook/pythonpath.sh'
[2.966s] Level 1:colcon.colcon_core.environment:checking '/home/maxim/super_ws/install/px4_msgs/bin'
[2.966s] INFO:colcon.colcon_core.shell:Creating package script '/home/maxim/super_ws/install/px4_msgs/share/px4_msgs/package.ps1'
[2.967s] INFO:colcon.colcon_core.shell:Creating package descriptor '/home/maxim/super_ws/install/px4_msgs/share/px4_msgs/package.dsv'
[2.968s] INFO:colcon.colcon_core.shell:Creating package script '/home/maxim/super_ws/install/px4_msgs/share/px4_msgs/package.sh'
[2.968s] INFO:colcon.colcon_core.shell:Creating package script '/home/maxim/super_ws/install/px4_msgs/share/px4_msgs/package.bash'
[2.969s] INFO:colcon.colcon_core.shell:Creating package script '/home/maxim/super_ws/install/px4_msgs/share/px4_msgs/package.zsh'
[2.970s] Level 1:colcon.colcon_core.environment:create_file_with_runtime_dependencies(/home/maxim/super_ws/install/px4_msgs/share/colcon-core/packages/px4_msgs)
[2.970s] Level 1:colcon.colcon_core.environment:create_environment_scripts_only(px4_msgs)
[2.970s] Level 1:colcon.colcon_core.environment:checking '/home/maxim/super_ws/install/px4_msgs' for CMake module files
[2.971s] Level 1:colcon.colcon_core.environment:checking '/home/maxim/super_ws/install/px4_msgs' for CMake config files
[2.987s] Level 1:colcon.colcon_core.shell:create_environment_hook('px4_msgs', 'cmake_prefix_path')
[2.987s] INFO:colcon.colcon_core.shell:Creating environment hook '/home/maxim/super_ws/install/px4_msgs/share/px4_msgs/hook/cmake_prefix_path.ps1'
[2.988s] INFO:colcon.colcon_core.shell:Creating environment descriptor '/home/maxim/super_ws/install/px4_msgs/share/px4_msgs/hook/cmake_prefix_path.dsv'
[2.988s] INFO:colcon.colcon_core.shell:Creating environment hook '/home/maxim/super_ws/install/px4_msgs/share/px4_msgs/hook/cmake_prefix_path.sh'
[2.988s] Level 1:colcon.colcon_core.environment:checking '/home/maxim/super_ws/install/px4_msgs/lib'
[2.988s] Level 1:colcon.colcon_core.shell:create_environment_hook('px4_msgs', 'ld_library_path_lib')
[2.989s] INFO:colcon.colcon_core.shell:Creating environment hook '/home/maxim/super_ws/install/px4_msgs/share/px4_msgs/hook/ld_library_path_lib.ps1'
[2.989s] INFO:colcon.colcon_core.shell:Creating environment descriptor '/home/maxim/super_ws/install/px4_msgs/share/px4_msgs/hook/ld_library_path_lib.dsv'
[2.989s] INFO:colcon.colcon_core.shell:Creating environment hook '/home/maxim/super_ws/install/px4_msgs/share/px4_msgs/hook/ld_library_path_lib.sh'
[2.989s] Level 1:colcon.colcon_core.environment:checking '/home/maxim/super_ws/install/px4_msgs/bin'
[2.989s] Level 1:colcon.colcon_core.environment:checking '/home/maxim/super_ws/install/px4_msgs/lib/pkgconfig/px4_msgs.pc'
[2.990s] Level 1:colcon.colcon_core.environment:checking '/home/maxim/super_ws/install/px4_msgs/lib/python3.12/site-packages'
[2.990s] Level 1:colcon.colcon_core.shell:create_environment_hook('px4_msgs', 'pythonpath')
[2.990s] INFO:colcon.colcon_core.shell:Creating environment hook '/home/maxim/super_ws/install/px4_msgs/share/px4_msgs/hook/pythonpath.ps1'
[2.990s] INFO:colcon.colcon_core.shell:Creating environment descriptor '/home/maxim/super_ws/install/px4_msgs/share/px4_msgs/hook/pythonpath.dsv'
[2.990s] INFO:colcon.colcon_core.shell:Creating environment hook '/home/maxim/super_ws/install/px4_msgs/share/px4_msgs/hook/pythonpath.sh'
[2.991s] Level 1:colcon.colcon_core.environment:checking '/home/maxim/super_ws/install/px4_msgs/bin'
[2.991s] INFO:colcon.colcon_core.shell:Creating package script '/home/maxim/super_ws/install/px4_msgs/share/px4_msgs/package.ps1'
[2.992s] INFO:colcon.colcon_core.shell:Creating package descriptor '/home/maxim/super_ws/install/px4_msgs/share/px4_msgs/package.dsv'
[2.992s] INFO:colcon.colcon_core.shell:Creating package script '/home/maxim/super_ws/install/px4_msgs/share/px4_msgs/package.sh'
[2.992s] INFO:colcon.colcon_core.shell:Creating package script '/home/maxim/super_ws/install/px4_msgs/share/px4_msgs/package.bash'
[2.993s] INFO:colcon.colcon_core.shell:Creating package script '/home/maxim/super_ws/install/px4_msgs/share/px4_msgs/package.zsh'
[2.993s] Level 1:colcon.colcon_core.environment:create_file_with_runtime_dependencies(/home/maxim/super_ws/install/px4_msgs/share/colcon-core/packages/px4_msgs)
[2.993s] INFO:colcon.colcon_ros.task.ament_python.build:Building ROS package in '/home/maxim/super_ws/src/flight_control_node' with build type 'ament_python'
[2.993s] Level 1:colcon.colcon_core.shell:create_environment_hook('flight_control_node', 'ament_prefix_path')
[2.993s] INFO:colcon.colcon_core.shell:Creating environment hook '/home/maxim/super_ws/install/flight_control_node/share/flight_control_node/hook/ament_prefix_path.ps1'
[2.994s] INFO:colcon.colcon_core.shell:Creating environment descriptor '/home/maxim/super_ws/install/flight_control_node/share/flight_control_node/hook/ament_prefix_path.dsv'
[2.994s] INFO:colcon.colcon_core.shell:Creating environment hook '/home/maxim/super_ws/install/flight_control_node/share/flight_control_node/hook/ament_prefix_path.sh'
[2.994s] INFO:colcon.colcon_core.shell:Skip shell extension 'powershell' for command environment: Not usable outside of PowerShell
[2.994s] DEBUG:colcon.colcon_core.shell:Skip shell extension 'dsv' for command environment
[3.169s] INFO:colcon.colcon_core.task.python.build:Building Python package in '/home/maxim/super_ws/src/flight_control_node'
[3.169s] INFO:colcon.colcon_core.shell:Skip shell extension 'powershell' for command environment: Not usable outside of PowerShell
[3.169s] DEBUG:colcon.colcon_core.shell:Skip shell extension 'dsv' for command environment
[3.649s] DEBUG:colcon.colcon_core.event_handler.log_command:Invoking command in '/home/maxim/super_ws/build/flight_control_node': AMENT_PREFIX_PATH=/home/maxim/super_ws/install/px4_msgs CMAKE_PREFIX_PATH=/home/maxim/super_ws/install/px4_msgs DEBUGINFOD_URLS=https://debuginfod.ubuntu.com LD_LIBRARY_PATH=/home/maxim/super_ws/install/px4_msgs/lib PS1=(.local) \[\e]0;\u@\h: \w\a\]${debian_chroot:+($debian_chroot)}\[\033[01;35m\]\u@\h\[\033[00m\]:\[\033[01;34m\]\w\[\033[00m\]\$ PYTHONPATH=/home/maxim/super_ws/build/flight_control_node/prefix_override:/usr/lib/python3/dist-packages/colcon_core/task/python/colcon_distutils_commands:/home/maxim/super_ws/install/flight_control_node/lib/python3.12/site-packages:/home/maxim/super_ws/install/px4_msgs/lib/python3.12/site-packages VIRTUAL_ENV_PROMPT=(.local) /usr/bin/python3 -W ignore:setup.py install is deprecated -W ignore:easy_install command is deprecated setup.py develop --editable --build-directory /home/maxim/super_ws/build/flight_control_node/build --no-deps symlink_data
[4.087s] Level 1:colcon.colcon_core.shell:create_environment_hook('flight_control_node', 'pythonpath_develop')
[4.087s] INFO:colcon.colcon_core.shell:Creating environment hook '/home/maxim/super_ws/build/flight_control_node/share/flight_control_node/hook/pythonpath_develop.ps1'
[4.088s] DEBUG:colcon.colcon_core.event_handler.log_command:Invoked command in '/home/maxim/super_ws/build/flight_control_node' returned '0': AMENT_PREFIX_PATH=/home/maxim/super_ws/install/px4_msgs CMAKE_PREFIX_PATH=/home/maxim/super_ws/install/px4_msgs DEBUGINFOD_URLS=https://debuginfod.ubuntu.com LD_LIBRARY_PATH=/home/maxim/super_ws/install/px4_msgs/lib PS1=(.local) \[\e]0;\u@\h: \w\a\]${debian_chroot:+($debian_chroot)}\[\033[01;35m\]\u@\h\[\033[00m\]:\[\033[01;34m\]\w\[\033[00m\]\$ PYTHONPATH=/home/maxim/super_ws/build/flight_control_node/prefix_override:/usr/lib/python3/dist-packages/colcon_core/task/python/colcon_distutils_commands:/home/maxim/super_ws/install/flight_control_node/lib/python3.12/site-packages:/home/maxim/super_ws/install/px4_msgs/lib/python3.12/site-packages VIRTUAL_ENV_PROMPT=(.local) /usr/bin/python3 -W ignore:setup.py install is deprecated -W ignore:easy_install command is deprecated setup.py develop --editable --build-directory /home/maxim/super_ws/build/flight_control_node/build --no-deps symlink_data
[4.088s] INFO:colcon.colcon_core.shell:Creating environment descriptor '/home/maxim/super_ws/build/flight_control_node/share/flight_control_node/hook/pythonpath_develop.dsv'
[4.089s] INFO:colcon.colcon_core.shell:Creating environment hook '/home/maxim/super_ws/build/flight_control_node/share/flight_control_node/hook/pythonpath_develop.sh'
[4.089s] Level 1:colcon.colcon_core.environment:checking '/home/maxim/super_ws/install/flight_control_node' for CMake module files
[4.089s] Level 1:colcon.colcon_core.environment:checking '/home/maxim/super_ws/install/flight_control_node' for CMake config files
[4.090s] Level 1:colcon.colcon_core.environment:checking '/home/maxim/super_ws/install/flight_control_node/lib'
[4.090s] Level 1:colcon.colcon_core.environment:checking '/home/maxim/super_ws/install/flight_control_node/bin'
[4.090s] Level 1:colcon.colcon_core.environment:checking '/home/maxim/super_ws/install/flight_control_node/lib/pkgconfig/flight_control_node.pc'
[4.090s] Level 1:colcon.colcon_core.environment:checking '/home/maxim/super_ws/install/flight_control_node/lib/python3.12/site-packages'
[4.090s] Level 1:colcon.colcon_core.shell:create_environment_hook('flight_control_node', 'pythonpath')
[4.090s] INFO:colcon.colcon_core.shell:Creating environment hook '/home/maxim/super_ws/install/flight_control_node/share/flight_control_node/hook/pythonpath.ps1'
[4.091s] INFO:colcon.colcon_core.shell:Creating environment descriptor '/home/maxim/super_ws/install/flight_control_node/share/flight_control_node/hook/pythonpath.dsv'
[4.091s] INFO:colcon.colcon_core.shell:Creating environment hook '/home/maxim/super_ws/install/flight_control_node/share/flight_control_node/hook/pythonpath.sh'
[4.091s] Level 1:colcon.colcon_core.environment:checking '/home/maxim/super_ws/install/flight_control_node/bin'
[4.091s] Level 1:colcon.colcon_core.environment:create_environment_scripts_only(flight_control_node)
[4.092s] INFO:colcon.colcon_core.shell:Creating package script '/home/maxim/super_ws/install/flight_control_node/share/flight_control_node/package.ps1'
[4.092s] INFO:colcon.colcon_core.shell:Creating package descriptor '/home/maxim/super_ws/install/flight_control_node/share/flight_control_node/package.dsv'
[4.092s] INFO:colcon.colcon_core.shell:Creating package script '/home/maxim/super_ws/install/flight_control_node/share/flight_control_node/package.sh'
[4.093s] INFO:colcon.colcon_core.shell:Creating package script '/home/maxim/super_ws/install/flight_control_node/share/flight_control_node/package.bash'
[4.093s] INFO:colcon.colcon_core.shell:Creating package script '/home/maxim/super_ws/install/flight_control_node/share/flight_control_node/package.zsh'
[4.093s] Level 1:colcon.colcon_core.environment:create_file_with_runtime_dependencies(/home/maxim/super_ws/install/flight_control_node/share/colcon-core/packages/flight_control_node)
[4.093s] DEBUG:colcon.colcon_parallel_executor.executor.parallel:closing loop
[4.094s] DEBUG:colcon.colcon_parallel_executor.executor.parallel:loop closed
[4.094s] DEBUG:colcon.colcon_parallel_executor.executor.parallel:run_until_complete finished with '0'
[4.094s] DEBUG:colcon.colcon_core.event_reactor:joining thread
[4.098s] INFO:colcon.colcon_core.plugin_system:Skipping extension 'colcon_notification.desktop_notification.terminal_notifier': Not used on non-Darwin systems
[4.098s] INFO:colcon.colcon_core.plugin_system:Skipping extension 'colcon_notification.desktop_notification.win32': Not used on non-Windows systems
[4.098s] INFO:colcon.colcon_notification.desktop_notification:Sending desktop notification using 'notify2'
[4.111s] DEBUG:colcon.colcon_core.event_reactor:joined thread
[4.111s] INFO:colcon.colcon_core.shell:Creating prefix script '/home/maxim/super_ws/install/local_setup.ps1'
[4.112s] INFO:colcon.colcon_core.shell:Creating prefix util module '/home/maxim/super_ws/install/_local_setup_util_ps1.py'
[4.113s] INFO:colcon.colcon_core.shell:Creating prefix chain script '/home/maxim/super_ws/install/setup.ps1'
[4.114s] INFO:colcon.colcon_core.shell:Creating prefix script '/home/maxim/super_ws/install/local_setup.sh'
[4.115s] INFO:colcon.colcon_core.shell:Creating prefix util module '/home/maxim/super_ws/install/_local_setup_util_sh.py'
[4.115s] INFO:colcon.colcon_core.shell:Creating prefix chain script '/home/maxim/super_ws/install/setup.sh'
[4.116s] INFO:colcon.colcon_core.shell:Creating prefix script '/home/maxim/super_ws/install/local_setup.bash'
[4.116s] INFO:colcon.colcon_core.shell:Creating prefix chain script '/home/maxim/super_ws/install/setup.bash'
[4.117s] INFO:colcon.colcon_core.shell:Creating prefix script '/home/maxim/super_ws/install/local_setup.zsh'
[4.117s] INFO:colcon.colcon_core.shell:Creating prefix chain script '/home/maxim/super_ws/install/setup.zsh'
