[0.007s] Invoking command in '/home/maxim/super_ws/build/px4_msgs': DEBUGINFOD_URLS=https://debuginfod.ubuntu.com PS1=(.local) \[\e]0;\u@\h: \w\a\]${debian_chroot:+($debian_chroot)}\[\033[01;35m\]\u@\h\[\033[00m\]:\[\033[01;34m\]\w\[\033[00m\]\$ VIRTUAL_ENV_PROMPT=(.local) /usr/bin/cmake /home/maxim/super_ws/src/px4_msgs -DCMAKE_INSTALL_PREFIX=/home/maxim/super_ws/install/px4_msgs
[0.026s] -- Found ament_cmake: 2.5.6 (/opt/ros/jazzy/share/ament_cmake/cmake)
[2.038s] Traceback (most recent call last):
[2.038s]   File "/opt/ros/jazzy/share/ament_cmake_core/cmake/package_templates/templates_2_cmake.py", line 21, in <module>
[2.038s]     from ament_package.templates import get_environment_hook_template_path
[2.038s] ModuleNotFoundError: No module named 'ament_package'
[2.067s] [31mCMake Error at /opt/ros/jazzy/share/ament_cmake_core/cmake/ament_cmake_package_templates-extras.cmake:41 (message):
[2.067s]   execute_process(/home/maxim/.local/bin/python3
[2.067s]   /opt/ros/jazzy/share/ament_cmake_core/cmake/package_templates/templates_2_cmake.py
[2.067s]   /home/maxim/super_ws/build/px4_msgs/ament_cmake_package_templates/templates.cmake)
[2.067s]   returned error code 1
[2.067s] Call Stack (most recent call first):
[2.067s]   /opt/ros/jazzy/share/ament_cmake_core/cmake/ament_cmake_coreConfig.cmake:41 (include)
[2.067s]   /opt/ros/jazzy/share/ament_cmake/cmake/ament_cmake_export_dependencies-extras.cmake:15 (find_package)
[2.067s]   /opt/ros/jazzy/share/ament_cmake/cmake/ament_cmakeConfig.cmake:41 (include)
[2.067s]   CMakeLists.txt:11 (find_package)
[2.067s] 
[2.067s] [0m
[2.068s] -- Configuring incomplete, errors occurred!
[2.070s] Invoked command in '/home/maxim/super_ws/build/px4_msgs' returned '1': DEBUGINFOD_URLS=https://debuginfod.ubuntu.com PS1=(.local) \[\e]0;\u@\h: \w\a\]${debian_chroot:+($debian_chroot)}\[\033[01;35m\]\u@\h\[\033[00m\]:\[\033[01;34m\]\w\[\033[00m\]\$ VIRTUAL_ENV_PROMPT=(.local) /usr/bin/cmake /home/maxim/super_ws/src/px4_msgs -DCMAKE_INSTALL_PREFIX=/home/maxim/super_ws/install/px4_msgs
